[INFO] [launch]: All log files can be found below /home/nano/.ros/log/2025-08-21-14-26-03-231538-nano-120747
[INFO] [launch]: Default logging verbosity is set to INFO
[INFO] [launch.user]: Using common configuration file: /home/nano/colcon_ws/install/zed_wrapper/share/zed_wrapper/config/common_stereo.yaml
[INFO] [launch.user]: Using camera configuration file: /home/nano/colcon_ws/install/zed_wrapper/share/zed_wrapper/config/zed2.yaml
[INFO] [launch.user]: Using FFMPEG configuration file: /home/nano/colcon_ws/install/zed_wrapper/share/zed_wrapper/config/ffmpeg.yaml
[INFO] [launch.user]: Using Object Detection configuration file: /home/nano/colcon_ws/install/zed_wrapper/share/zed_wrapper/config/object_detection.yaml
[INFO] [launch.user]: Using Custom Object Detection configuration file: /home/nano/colcon_ws/install/zed_wrapper/share/zed_wrapper/config/custom_object_detection.yaml
[INFO] [launch.user]: Loading ZED node `zed_node` in container `/zed/zed_container`
[INFO] [robot_state_publisher-1]: process started with pid [120760]
[INFO] [component_container_isolated-2]: process started with pid [120762]
[robot_state_publisher-1] [0m[INFO] [1755782764.327504834] [zed.zed_state_publisher]: got segment zed_baro_link[0m
[robot_state_publisher-1] [0m[INFO] [1755782764.327678408] [zed.zed_state_publisher]: got segment zed_camera_center[0m
[robot_state_publisher-1] [0m[INFO] [1755782764.327702953] [zed.zed_state_publisher]: got segment zed_camera_link[0m
[robot_state_publisher-1] [0m[INFO] [1755782764.327716137] [zed.zed_state_publisher]: got segment zed_left_camera_frame[0m
[robot_state_publisher-1] [0m[INFO] [1755782764.327727626] [zed.zed_state_publisher]: got segment zed_left_camera_optical_frame[0m
[robot_state_publisher-1] [0m[INFO] [1755782764.327738154] [zed.zed_state_publisher]: got segment zed_mag_link[0m
[robot_state_publisher-1] [0m[INFO] [1755782764.327748587] [zed.zed_state_publisher]: got segment zed_right_camera_frame[0m
[robot_state_publisher-1] [0m[INFO] [1755782764.327758699] [zed.zed_state_publisher]: got segment zed_right_camera_optical_frame[0m
[robot_state_publisher-1] [0m[INFO] [1755782764.327769163] [zed.zed_state_publisher]: got segment zed_temp_left_link[0m
[robot_state_publisher-1] [0m[INFO] [1755782764.327779180] [zed.zed_state_publisher]: got segment zed_temp_right_link[0m
[component_container_isolated-2] [0m[INFO] [1755782764.614138930] [zed.zed_container]: Load Library: /home/nano/colcon_ws/install/zed_components/lib/libzed_camera_component.so[0m
[component_container_isolated-2] [0m[INFO] [1755782764.715392879] [zed.zed_container]: Found class: rclcpp_components::NodeFactoryTemplate<stereolabs::ZedCamera>[0m
[component_container_isolated-2] [0m[INFO] [1755782764.715543253] [zed.zed_container]: Instantiate class: rclcpp_components::NodeFactoryTemplate<stereolabs::ZedCamera>[0m
[component_container_isolated-2] [0m[INFO] [1755782764.814404928] [zed.zed_node]: ================================[0m
[component_container_isolated-2] [0m[INFO] [1755782764.814505284] [zed.zed_node]:       ZED Camera Component [0m
[component_container_isolated-2] [0m[INFO] [1755782764.814530533] [zed.zed_node]: ================================[0m
[component_container_isolated-2] [0m[INFO] [1755782764.814556005] [zed.zed_node]:  * namespace: /zed[0m
[component_container_isolated-2] [0m[INFO] [1755782764.814575942] [zed.zed_node]:  * node name: zed_node[0m
[component_container_isolated-2] [0m[INFO] [1755782764.814591943] [zed.zed_node]: ================================[0m
[INFO] [launch_ros.actions.load_composable_nodes]: Loaded node '/zed/zed_node' in container '/zed/zed_container'
[component_container_isolated-2] [0m[INFO] [1755782764.864871481] [zed.zed_node]: === DEBUG parameters ===[0m
[component_container_isolated-2] [0m[INFO] [1755782764.865402220] [zed.zed_node]:  * SDK Verbose: 1[0m
[component_container_isolated-2] [0m[INFO] [1755782764.865730775] [zed.zed_node]:  * SDK Verbose File: [0m
[component_container_isolated-2] [0m[INFO] [1755782764.865986111] [zed.zed_node]:  * Debug Common: FALSE[0m
[component_container_isolated-2] [0m[INFO] [1755782764.866233352] [zed.zed_node]:  * Debug Simulation: FALSE[0m
[component_container_isolated-2] [0m[INFO] [1755782764.866462736] [zed.zed_node]:  * Debug Video/Depth: FALSE[0m
[component_container_isolated-2] [0m[INFO] [1755782764.866699032] [zed.zed_node]:  * Debug Control settings: FALSE[0m
[component_container_isolated-2] [0m[INFO] [1755782764.866870526] [zed.zed_node]:  * Debug Point Cloud: %sFALSE[0m
[component_container_isolated-2] [0m[INFO] [1755782764.867085605] [zed.zed_node]:  * Debug GNSS: FALSE[0m
[component_container_isolated-2] [0m[INFO] [1755782764.867326637] [zed.zed_node]:  * Debug Positional Tracking: FALSE[0m
[component_container_isolated-2] [0m[INFO] [1755782764.867555509] [zed.zed_node]:  * Debug sensors: FALSE[0m
[component_container_isolated-2] [0m[INFO] [1755782764.867790941] [zed.zed_node]:  * Debug Mapping: FALSE[0m
[component_container_isolated-2] [0m[INFO] [1755782764.868018885] [zed.zed_node]:  * Debug Object Detection: FALSE[0m
[component_container_isolated-2] [0m[INFO] [1755782764.868256205] [zed.zed_node]:  * Debug Body Tracking: FALSE[0m
[component_container_isolated-2] [0m[INFO] [1755782764.868494677] [zed.zed_node]:  * Debug Streaming: FALSE[0m
[component_container_isolated-2] [0m[INFO] [1755782764.868719869] [zed.zed_node]:  * Debug ROI: FALSE[0m
[component_container_isolated-2] [0m[INFO] [1755782764.868904323] [zed.zed_node]:  * Debug Advanced: FALSE[0m
[component_container_isolated-2] [0m[INFO] [1755782764.869191405] [zed.zed_node]: === SVO INPUT parameters ===[0m
[component_container_isolated-2] [0m[INFO] [1755782764.869414068] [zed.zed_node]: === LOCAL STREAMING parameters ===[0m
[component_container_isolated-2] [0m[INFO] [1755782764.869654365] [zed.zed_node]: === GENERAL parameters ===[0m
[component_container_isolated-2] [0m[INFO] [1755782764.869917446] [zed.zed_node]:  * Camera model: zed2 - ZED 2[0m
[component_container_isolated-2] [0m[INFO] [1755782764.870169486] [zed.zed_node]:  * Camera name: zed[0m
[component_container_isolated-2] [0m[INFO] [1755782764.870424951] [zed.zed_node]:  * Camera SN: 0[0m
[component_container_isolated-2] [0m[INFO] [1755782764.870677279] [zed.zed_node]:  * Camera ID: -1[0m
[component_container_isolated-2] [0m[INFO] [1755782764.871032044] [zed.zed_node]:  * Camera timeout [sec]: 5[0m
[component_container_isolated-2] [0m[INFO] [1755782764.871315637] [zed.zed_node]:  * Camera reconnection temptatives: 5[0m
[component_container_isolated-2] [0m[INFO] [1755782764.871562430] [zed.zed_node]:  * Camera framerate: 15[0m
[component_container_isolated-2] [0m[INFO] [1755782764.871910313] [zed.zed_node]:  * GPU ID: -1[0m
[component_container_isolated-2] [0m[INFO] [1755782764.872184531] [zed.zed_node]:  * Asynchronous image retrieval: FALSE[0m
[component_container_isolated-2] [0m[INFO] [1755782764.872543775] [zed.zed_node]:  * Image Validity Check: 1[0m
[component_container_isolated-2] [0m[INFO] [1755782764.872946925] [zed.zed_node]:  * Camera resolution: VGA[0m
[component_container_isolated-2] [0m[INFO] [1755782764.873224534] [zed.zed_node]:  * Publishing resolution: CUSTOM[0m
[component_container_isolated-2] [0m[INFO] [1755782764.873648165] [zed.zed_node]:  * Publishing downscale factor: 2[0m
[component_container_isolated-2] [0m[INFO] [1755782764.873912206] [zed.zed_node]:  * OpenCV custom calibration: [0m
[component_container_isolated-2] [0m[INFO] [1755782764.874151798] [zed.zed_node]:  * Camera self calibration: TRUE[0m
[component_container_isolated-2] [0m[INFO] [1755782764.874392286] [zed.zed_node]:  * Camera flip: FALSE[0m
[component_container_isolated-2] [0m[INFO] [1755782764.874642311] [zed.zed_node]:  * Publish framerate [Hz]:  15[0m
[component_container_isolated-2] [0m[INFO] [1755782764.874722313] [zed.zed_node]: === VIDEO parameters ===[0m
[component_container_isolated-2] [0m[INFO] [1755782764.874965042] [zed.zed_node]:  * Brightness: 4 [DYNAMIC][0m
[component_container_isolated-2] [0m[INFO] [1755782764.875202522] [zed.zed_node]:  * Contrast: 4 [DYNAMIC][0m
[component_container_isolated-2] [0m[INFO] [1755782764.875445026] [zed.zed_node]:  * Hue: 0 [DYNAMIC][0m
[component_container_isolated-2] [0m[INFO] [1755782764.875678986] [zed.zed_node]:  * Saturation: 4 [DYNAMIC][0m
[component_container_isolated-2] [0m[INFO] [1755782764.875921426] [zed.zed_node]:  * Sharpness: 4 [DYNAMIC][0m
[component_container_isolated-2] [0m[INFO] [1755782764.876146842] [zed.zed_node]:  * Gamma: 8 [DYNAMIC][0m
[component_container_isolated-2] [0m[INFO] [1755782764.876383138] [zed.zed_node]:  * Auto Exposure/Gain: TRUE [DYNAMIC][0m
[component_container_isolated-2] [0m[INFO] [1755782764.876723982] [zed.zed_node]:  * Exposure: 80 [DYNAMIC][0m
[component_container_isolated-2] [0m[INFO] [1755782764.877077914] [zed.zed_node]:  * Gain: 80 [DYNAMIC][0m
[component_container_isolated-2] [0m[INFO] [1755782764.877329314] [zed.zed_node]:  * Auto White Balance: TRUE [DYNAMIC][0m
[component_container_isolated-2] [0m[INFO] [1755782764.877665806] [zed.zed_node]:  * White Balance Temperature: 42 [DYNAMIC][0m
[component_container_isolated-2] [0m[INFO] [1755782764.877729872] [zed.zed_node]: === DEPTH parameters ===[0m
[component_container_isolated-2] [0m[INFO] [1755782764.878044443] [zed.zed_node]:  * Depth mode: NEURAL LIGHT [4][0m
[component_container_isolated-2] [0m[INFO] [1755782764.878332101] [zed.zed_node]:  * Min depth [m]: 0.3[0m
[component_container_isolated-2] [0m[INFO] [1755782764.878590637] [zed.zed_node]:  * Max depth [m]: 10[0m
[component_container_isolated-2] [0m[INFO] [1755782764.878850262] [zed.zed_node]:  * Depth Stabilization: 30[0m
[component_container_isolated-2] [0m[INFO] [1755782764.879098015] [zed.zed_node]:  * OpenNI mode (16bit point cloud): FALSE[0m
[component_container_isolated-2] [0m[INFO] [1755782764.879378184] [zed.zed_node]:  * Point cloud rate [Hz]: 10[0m
[component_container_isolated-2] [0m[INFO] [1755782764.879639665] [zed.zed_node]:  * Point cloud resolution: COMPACT[0m
[component_container_isolated-2] [0m[INFO] [1755782764.879902234] [zed.zed_node]:  * Depth Confidence: 95 [DYNAMIC][0m
[component_container_isolated-2] [0m[INFO] [1755782764.880156451] [zed.zed_node]:  * Depth Texture Confidence: 100 [DYNAMIC][0m
[component_container_isolated-2] [0m[INFO] [1755782764.880422124] [zed.zed_node]:  * Remove saturated areas: TRUE [DYNAMIC][0m
[component_container_isolated-2] [0m[INFO] [1755782764.880476846] [zed.zed_node]: === GNSS FUSION parameters ===[0m
[component_container_isolated-2] [0m[INFO] [1755782764.880876315] [zed.zed_node]:  * GNSS fusion enabled: FALSE[0m
[component_container_isolated-2] [0m[INFO] [1755782764.880935581] [zed.zed_node]: === POSITIONAL TRACKING parameters ===[0m
[component_container_isolated-2] [0m[INFO] [1755782764.881285001] [zed.zed_node]:  * Positional tracking enabled: TRUE[0m
[component_container_isolated-2] [0m[INFO] [1755782764.881600468] [zed.zed_node]:  * Positional tracking mode: GEN 3[0m
[component_container_isolated-2] [0m[INFO] [1755782764.881857917] [zed.zed_node]:  * Map frame id: map[0m
[component_container_isolated-2] [0m[INFO] [1755782764.882129318] [zed.zed_node]:  * Odometry frame id: odom[0m
[component_container_isolated-2] [0m[INFO] [1755782764.882374510] [zed.zed_node]:  * Broadcast Odometry TF: FALSE[0m
[component_container_isolated-2] [0m[INFO] [1755782764.882673913] [zed.zed_node]:  * Depth minimum range: 0[0m
[component_container_isolated-2] [0m[INFO] [1755782764.882959426] [zed.zed_node]:  * TF timestamp offset: 0 [DYNAMIC][0m
[component_container_isolated-2] [0m[INFO] [1755782764.883209995] [zed.zed_node]:  * Path publishing rate: 2 [DYNAMIC][0m
[component_container_isolated-2] [0m[INFO] [1755782764.883479060] [zed.zed_node]:  * Path history lenght: -1[0m
[component_container_isolated-2] [0m[INFO] [1755782764.883736797] [zed.zed_node]:  * Initial pose: [0,0,0,0,0,0,][0m
[component_container_isolated-2] [0m[INFO] [1755782764.884015014] [zed.zed_node]:  * Area Memory: TRUE[0m
[component_container_isolated-2] [0m[INFO] [1755782764.884266671] [zed.zed_node]:  * Area Memory DB: [0m
[component_container_isolated-2] [0m[INFO] [1755782764.884515831] [zed.zed_node]:  * Camera is static: FALSE[0m
[component_container_isolated-2] [0m[INFO] [1755782764.884917573] [zed.zed_node]:  * Gravity as origin: TRUE[0m
[component_container_isolated-2] [0m[INFO] [1755782764.885138893] [zed.zed_node]:  * IMU Fusion: FALSE[0m
[component_container_isolated-2] [0m[INFO] [1755782764.885418230] [zed.zed_node]:  * Floor Alignment: TRUE[0m
[component_container_isolated-2] [0m[INFO] [1755782764.885705216] [zed.zed_node]:  * Reset Odometry with Loop Closure: TRUE[0m
[component_container_isolated-2] [0m[INFO] [1755782764.885931368] [zed.zed_node]:  * 2D mode: TRUE[0m
[component_container_isolated-2] [0m[INFO] [1755782764.886212881] [zed.zed_node]:  * Fixed Z value: 0[0m
[component_container_isolated-2] [0m[INFO] [1755782764.886460026] [zed.zed_node]:  * Reset pose with SVO loop: TRUE[0m
[component_container_isolated-2] [0m[INFO] [1755782764.886514780] [zed.zed_node]: === Region of Interest parameters ===[0m
[component_container_isolated-2] [0m[INFO] [1755782764.886754116] [zed.zed_node]:  * Automatic ROI generation: FALSE[0m
[component_container_isolated-2] [0m[INFO] [1755782764.887027245] [zed.zed_node]:  * Manual ROI polygon: [][0m
[component_container_isolated-2] [0m[INFO] [1755782764.887080271] [zed.zed_node]: === SENSORS STACK parameters ===[0m
[component_container_isolated-2] [0m[INFO] [1755782764.887324983] [zed.zed_node]:  * Broadcast IMU TF [not for ZED]: FALSE[0m
[component_container_isolated-2] [0m[INFO] [1755782764.887592480] [zed.zed_node]:  * Sensors Camera Sync: FALSE[0m
[component_container_isolated-2] [0m[INFO] [1755782764.887878346] [zed.zed_node]:  * Sensors publishing rate [Hz]: 100 [DYNAMIC][0m
[component_container_isolated-2] [0m[INFO] [1755782764.887934572] [zed.zed_node]: === Spatial Mapping parameters ===[0m
[component_container_isolated-2] [0m[INFO] [1755782764.888170516] [zed.zed_node]:  * Spatial Mapping Enabled: FALSE[0m
[component_container_isolated-2] [0m[INFO] [1755782764.888432349] [zed.zed_node]:  * Spatial Mapping resolution [m]: 0.05[0m
[component_container_isolated-2] [0m[INFO] [1755782764.888664037] [zed.zed_node]:  * 3D Max Mapping range [m]: 5[0m
[component_container_isolated-2] [0m[INFO] [1755782764.888986000] [zed.zed_node]:  * Map publishing rate [Hz]: 1 [DYNAMIC][0m
[component_container_isolated-2] [0m[INFO] [1755782764.889214296] [zed.zed_node]:  * Clicked point topic: /clicked_point[0m
[component_container_isolated-2] [0m[INFO] [1755782764.889571396] [zed.zed_node]:  * Plane Det. Max Dist. Thresh.: 0.15[0m
[component_container_isolated-2] [0m[INFO] [1755782764.889824076] [zed.zed_node]:  * Plane Det. Normals Sim. Thresh.: 15[0m
[component_container_isolated-2] [0m[INFO] [1755782764.889965521] [zed.zed_node]: === OBJECT DETECTION parameters ===[0m
[component_container_isolated-2] [0m[INFO] [1755782764.890208474] [zed.zed_node]:  * Object Det. enabled: FALSE[0m
[component_container_isolated-2] [0m[INFO] [1755782764.890440705] [zed.zed_node]:  * Object Det. allow reduced precision: FALSE[0m
[component_container_isolated-2] [0m[INFO] [1755782764.890693962] [zed.zed_node]:  * Object Det. maximum range [m]: 2[0m
[component_container_isolated-2] [0m[INFO] [1755782764.890925842] [zed.zed_node]:  * Object Det. prediction timeout [sec]: 2[0m
[component_container_isolated-2] [0m[INFO] [1755782764.891170074] [zed.zed_node]:  * Object Det. tracking: TRUE[0m
[component_container_isolated-2] [0m[INFO] [1755782764.891545863] [zed.zed_node]:  * Object Filtering mode: NMS3D[0m
[component_container_isolated-2] [0m[INFO] [1755782764.891844561] [zed.zed_node]:  * Object Det. model: MULTI CLASS BOX FAST[0m
[component_container_isolated-2] [0m[INFO] [1755782764.892092954] [zed.zed_node]:  * MultiClassBox people: TRUE [DYNAMIC][0m
[component_container_isolated-2] [0m[INFO] [1755782764.892314817] [zed.zed_node]:  * MultiClassBox vehicles: TRUE [DYNAMIC][0m
[component_container_isolated-2] [0m[INFO] [1755782764.892633484] [zed.zed_node]:  * MultiClassBox bags: TRUE [DYNAMIC][0m
[component_container_isolated-2] [0m[INFO] [1755782764.892903413] [zed.zed_node]:  * MultiClassBox animals: TRUE [DYNAMIC][0m
[component_container_isolated-2] [0m[INFO] [1755782764.893119421] [zed.zed_node]:  * MultiClassBox electronics: TRUE [DYNAMIC][0m
[component_container_isolated-2] [0m[INFO] [1755782764.893428903] [zed.zed_node]:  * MultiClassBox fruits and vegetables: TRUE [DYNAMIC][0m
[component_container_isolated-2] [0m[INFO] [1755782764.893657807] [zed.zed_node]:  * MultiClassBox sport-related objects: TRUE [DYNAMIC][0m
[component_container_isolated-2] [0m[INFO] [1755782764.893990011] [zed.zed_node]:  * MultiClassBox people confidence: 65 [DYNAMIC][0m
[component_container_isolated-2] [0m[INFO] [1755782764.894236899] [zed.zed_node]:  * MultiClassBox vehicles confidence: 60 [DYNAMIC][0m
[component_container_isolated-2] [0m[INFO] [1755782764.894487211] [zed.zed_node]:  * MultiClassBox bags confidence: 40 [DYNAMIC][0m
[component_container_isolated-2] [0m[INFO] [1755782764.894718035] [zed.zed_node]:  * MultiClassBox animals confidence: 40 [DYNAMIC][0m
[component_container_isolated-2] [0m[INFO] [1755782764.894981916] [zed.zed_node]:  * MultiClassBox electronics confidence: 45 [DYNAMIC][0m
[component_container_isolated-2] [0m[INFO] [1755782764.895221957] [zed.zed_node]:  * MultiClassBox fruits and vegetables confidence: 50 [DYNAMIC][0m
[component_container_isolated-2] [0m[INFO] [1755782764.895447468] [zed.zed_node]:  * MultiClassBox sport-related objects confidence: 30 [DYNAMIC][0m
[component_container_isolated-2] [0m[INFO] [1755782764.895503726] [zed.zed_node]: === Body Track. parameters ===[0m
[component_container_isolated-2] [0m[INFO] [1755782764.895738006] [zed.zed_node]:  * Body Track. enabled: FALSE[0m
[component_container_isolated-2] [0m[INFO] [1755782764.895992607] [zed.zed_node]:  * Body Track. model: HUMAN BODY MEDIUM[0m
[component_container_isolated-2] [0m[INFO] [1755782764.896273736] [zed.zed_node]:  * Body Track. format: BODY 38[0m
[component_container_isolated-2] [0m[INFO] [1755782764.896513873] [zed.zed_node]:  * Body Track. allow reduced precision: FALSE[0m
[component_container_isolated-2] [0m[INFO] [1755782764.896871197] [zed.zed_node]:  * Body Track. maximum range [m]: 15[0m
[component_container_isolated-2] [0m[INFO] [1755782764.897105477] [zed.zed_node]:  * Body Track. KP selection: FULL[0m
[component_container_isolated-2] [0m[INFO] [1755782764.897331180] [zed.zed_node]:  * Body fitting: FALSE[0m
[component_container_isolated-2] [0m[INFO] [1755782764.897553364] [zed.zed_node]:  * Body joints tracking: TRUE[0m
[component_container_isolated-2] [0m[INFO] [1755782764.897774012] [zed.zed_node]:  * Body Track. prediction timeout [sec]: 0.5[0m
[component_container_isolated-2] [0m[INFO] [1755782764.898008292] [zed.zed_node]:  * Body Track. confidence thresh.: 50 [DYNAMIC][0m
[component_container_isolated-2] [0m[INFO] [1755782764.898214635] [zed.zed_node]:  * Body Track. min. KP thresh.: 5 [DYNAMIC][0m
[component_container_isolated-2] [0m[INFO] [1755782764.898266476] [zed.zed_node]: === STREAMING SERVER parameters ===[0m
[component_container_isolated-2] [0m[INFO] [1755782764.898484692] [zed.zed_node]:  * Streaming Server enabled: FALSE[0m
[component_container_isolated-2] [0m[INFO] [1755782764.898684987] [zed.zed_node]:  * Stream codec: H264[0m
[component_container_isolated-2] [0m[INFO] [1755782764.898914242] [zed.zed_node]:  * Stream port: 30000[0m
[component_container_isolated-2] [0m[INFO] [1755782764.899120169] [zed.zed_node]:  * Stream bitrate: 12500[0m
[component_container_isolated-2] [0m[INFO] [1755782764.899332657] [zed.zed_node]:  * Stream GOP size: -1[0m
[component_container_isolated-2] [0m[INFO] [1755782764.899558776] [zed.zed_node]:  * Stream Chunk size: 16084[0m
[component_container_isolated-2] [0m[INFO] [1755782764.899766464] [zed.zed_node]:  * Adaptive bitrate: FALSE[0m
[component_container_isolated-2] [0m[INFO] [1755782764.899988135] [zed.zed_node]:  * Target frame rate:0[0m
[component_container_isolated-2] [0m[INFO] [1755782764.900032201] [zed.zed_node]: === ADVANCED parameters ===[0m
[component_container_isolated-2] [0m[INFO] [1755782764.900222831] [zed.zed_node]:  * Thread sched. policy: SCHED_BATCH[0m
[component_container_isolated-2] [0m[INFO] [1755782764.900396117] [zed.zed_node]: === SERVICES ===[0m
[component_container_isolated-2] [0m[INFO] [1755782764.901738403] [zed.zed_node]:  * '/zed/zed_node/reset_odometry'[0m
[component_container_isolated-2] [0m[INFO] [1755782764.902517533] [zed.zed_node]:  * '/zed/zed_node/reset_pos_tracking'[0m
[component_container_isolated-2] [0m[INFO] [1755782764.905124246] [zed.zed_node]:  * '/zed/zed_node/set_pose'[0m
[component_container_isolated-2] [0m[INFO] [1755782764.905974195] [zed.zed_node]:  * '/zed/zed_node/enable_obj_det'[0m
[component_container_isolated-2] [0m[INFO] [1755782764.906609353] [zed.zed_node]:  * '/zed/zed_node/enable_body_trk'[0m
[component_container_isolated-2] [0m[INFO] [1755782764.907125787] [zed.zed_node]:  * '/zed/zed_node/enable_mapping'[0m
[component_container_isolated-2] [0m[INFO] [1755782764.907830611] [zed.zed_node]:  * '/zed/zed_node/enable_streaming'[0m
[component_container_isolated-2] [0m[INFO] [1755782764.908628558] [zed.zed_node]:  * '/zed/zed_node/start_svo_rec'[0m
[component_container_isolated-2] [0m[INFO] [1755782764.909389160] [zed.zed_node]:  * '/zed/zed_node/stop_svo_rec'[0m
[component_container_isolated-2] [0m[INFO] [1755782764.909995036] [zed.zed_node]:  * '/zed/zed_node/set_roi'[0m
[component_container_isolated-2] [0m[INFO] [1755782764.910525710] [zed.zed_node]:  * '/zed/zed_node/reset_roi'[0m
[component_container_isolated-2] [0m[INFO] [1755782764.910590481] [zed.zed_node]: === STARTING CAMERA ===[0m
[component_container_isolated-2] [0m[INFO] [1755782765.041230520] [zed.zed_node]: ZED SDK Version: 5.0.2 - Build 101646_9958ea55[0m
[component_container_isolated-2] [0m[INFO] [1755782765.048269832] [zed.zed_node]: === CAMERA OPENING ===[0m
[component_container_isolated-2] [2025-08-21 13:26:05 UTC][ZED][INFO] Logging level INFO
[component_container_isolated-2] [2025-08-21 13:26:06 UTC][ZED][INFO] [Init]  Depth mode: NEURAL LIGHT
[component_container_isolated-2] [2025-08-21 13:26:07 UTC][ZED][INFO] [Init]  Camera successfully opened.
[component_container_isolated-2] [2025-08-21 13:26:07 UTC][ZED][INFO] [Init]  Camera FW version: 1523
[component_container_isolated-2] [2025-08-21 13:26:07 UTC][ZED][INFO] [Init]  Video mode: VGA@15
[component_container_isolated-2] [2025-08-21 13:26:07 UTC][ZED][INFO] [Init]  Serial Number: S/N 28118861
[component_container_isolated-2] [2025-08-21 13:26:07 UTC][ZED][WARNING] [Init]  Self-calibration skipped. Scene may be occluded or lack texture. (Error code: 0x01) 
[component_container_isolated-2] [0m[INFO] [1755782767.726309743] [zed.zed_node]:  * ZED SDK running on GPU #0[0m
[component_container_isolated-2] [0m[INFO] [1755782767.726504117] [zed.zed_node]:  * Camera Model  -> ZED 2[0m
[component_container_isolated-2] [0m[INFO] [1755782767.726552663] [zed.zed_node]:  * Serial Number -> 28118861[0m
[component_container_isolated-2] [0m[INFO] [1755782767.726801311] [zed.zed_node]:  * Focal Lenght	-> 2.1102 mm[0m
[component_container_isolated-2] [0m[INFO] [1755782767.726932132] [zed.zed_node]:  * Input		-> USB[0m
[component_container_isolated-2] [0m[INFO] [1755782767.726976165] [zed.zed_node]:  * Camera FW Version  -> 1523[0m
[component_container_isolated-2] [0m[INFO] [1755782767.727007654] [zed.zed_node]:  * Sensors FW Version -> 776[0m
[component_container_isolated-2] [0m[INFO] [1755782767.727043688] [zed.zed_node]:  * Camera grab size -> 672x376[0m
[component_container_isolated-2] [0m[INFO] [1755782767.727070569] [zed.zed_node]:  * Color/Depth publishing size -> 336x188[0m
[component_container_isolated-2] [0m[INFO] [1755782767.727096361] [zed.zed_node]:  * Point Cloud publishing size -> 448x256[0m
[component_container_isolated-2] [0m[INFO] [1755782767.727156524] [zed.zed_node]: === TF FRAMES ===[0m
[component_container_isolated-2] [0m[INFO] [1755782767.727185869] [zed.zed_node]:  * Map			-> map[0m
[component_container_isolated-2] [0m[INFO] [1755782767.727207629] [zed.zed_node]:  * Odometry		-> odom[0m
[component_container_isolated-2] [0m[INFO] [1755782767.727226510] [zed.zed_node]:  * Base			-> zed_camera_link[0m
[component_container_isolated-2] [0m[INFO] [1755782767.727245327] [zed.zed_node]:  * Camera		-> zed_camera_center[0m
[component_container_isolated-2] [0m[INFO] [1755782767.727281904] [zed.zed_node]:  * Left			-> zed_left_camera_frame[0m
[component_container_isolated-2] [0m[INFO] [1755782767.727304017] [zed.zed_node]:  * Left Optical		-> zed_left_camera_optical_frame[0m
[component_container_isolated-2] [0m[INFO] [1755782767.727323601] [zed.zed_node]:  * RGB			-> zed_left_camera_frame[0m
[component_container_isolated-2] [0m[INFO] [1755782767.727342738] [zed.zed_node]:  * RGB Optical		-> zed_left_camera_optical_frame[0m
[component_container_isolated-2] [0m[INFO] [1755782767.727360978] [zed.zed_node]:  * Right			-> zed_right_camera_frame[0m
[component_container_isolated-2] [0m[INFO] [1755782767.727380371] [zed.zed_node]:  * Right Optical		-> zed_right_camera_optical_frame[0m
[component_container_isolated-2] [0m[INFO] [1755782767.727400148] [zed.zed_node]:  * Depth			-> zed_left_camera_frame[0m
[component_container_isolated-2] [0m[INFO] [1755782767.727418740] [zed.zed_node]:  * Depth Optical		-> zed_left_camera_optical_frame[0m
[component_container_isolated-2] [0m[INFO] [1755782767.727437333] [zed.zed_node]:  * Point Cloud		-> zed_left_camera_optical_frame[0m
[component_container_isolated-2] [0m[INFO] [1755782767.727455926] [zed.zed_node]:  * Disparity		-> zed_left_camera_frame[0m
[component_container_isolated-2] [0m[INFO] [1755782767.727474710] [zed.zed_node]:  * Disparity Optical	-> zed_left_camera_optical_frame[0m
[component_container_isolated-2] [0m[INFO] [1755782767.727493943] [zed.zed_node]:  * Confidence		-> zed_left_camera_frame[0m
[component_container_isolated-2] [0m[INFO] [1755782767.727523640] [zed.zed_node]:  * Confidence Optical	-> zed_left_camera_optical_frame[0m
[component_container_isolated-2] [0m[INFO] [1755782767.727545273] [zed.zed_node]:  * IMU			-> zed_imu_link[0m
[component_container_isolated-2] [0m[INFO] [1755782767.727582010] [zed.zed_node]:  * Barometer		-> zed_camera_center[0m
[component_container_isolated-2] [0m[INFO] [1755782767.727604219] [zed.zed_node]:  * Magnetometer		-> zed_imu_link[0m
[component_container_isolated-2] [0m[INFO] [1755782767.727623483] [zed.zed_node]:  * Left Temperature	-> zed_left_camera_frame[0m
[component_container_isolated-2] [0m[INFO] [1755782767.727642652] [zed.zed_node]:  * Right Temperature	-> zed_right_camera_frame[0m
[component_container_isolated-2] [0m[INFO] [1755782767.727719391] [zed.zed_node]: === PUBLISHED TOPICS ===[0m
[component_container_isolated-2] [0m[INFO] [1755782767.729965355] [zed.zed_node]: Advertised on topic: /zed/zed_node/status/health[0m
[component_container_isolated-2] [0m[INFO] [1755782767.731721607] [zed.zed_node]: Advertised on topic: /zed/zed_node/status/heartbeat[0m
[component_container_isolated-2] [0m[INFO] [1755782767.756442738] [zed.zed_node]: Advertised on topic: /zed/zed_node/rgb/image_rect_color[0m
[component_container_isolated-2] [0m[INFO] [1755782767.756568375] [zed.zed_node]: Advertised on topic: /zed/zed_node/rgb/camera_info[0m
[component_container_isolated-2] [0m[INFO] [1755782767.761102673] [zed.zed_node]: Advertised on topic: /zed/zed_node/rgb_gray/image_rect_gray[0m
[component_container_isolated-2] [0m[INFO] [1755782767.761195796] [zed.zed_node]: Advertised on topic: /zed/zed_node/rgb_gray/camera_info[0m
[component_container_isolated-2] [0m[INFO] [1755782767.765354530] [zed.zed_node]: Advertised on topic: /zed/zed_node/rgb_raw/image_raw_color[0m
[component_container_isolated-2] [0m[INFO] [1755782767.765436773] [zed.zed_node]: Advertised on topic: /zed/zed_node/rgb_raw/camera_info[0m
[component_container_isolated-2] [0m[INFO] [1755782767.769655669] [zed.zed_node]: Advertised on topic: /zed/zed_node/rgb_raw_gray/image_raw_gray[0m
[component_container_isolated-2] [0m[INFO] [1755782767.769732056] [zed.zed_node]: Advertised on topic: /zed/zed_node/rgb_raw_gray/camera_info[0m
[component_container_isolated-2] [0m[INFO] [1755782767.773545850] [zed.zed_node]: Advertised on topic: /zed/zed_node/left/image_rect_color[0m
[component_container_isolated-2] [0m[INFO] [1755782767.773622492] [zed.zed_node]: Advertised on topic: /zed/zed_node/left/camera_info[0m
[component_container_isolated-2] [0m[INFO] [1755782767.777340891] [zed.zed_node]: Advertised on topic: /zed/zed_node/left_gray/image_rect_gray[0m
[component_container_isolated-2] [0m[INFO] [1755782767.777414782] [zed.zed_node]: Advertised on topic: /zed/zed_node/left_gray/camera_info[0m
[component_container_isolated-2] [0m[INFO] [1755782767.780934070] [zed.zed_node]: Advertised on topic: /zed/zed_node/left_raw/image_raw_color[0m
[component_container_isolated-2] [0m[INFO] [1755782767.781005912] [zed.zed_node]: Advertised on topic: /zed/zed_node/left_raw/camera_info[0m
[component_container_isolated-2] [0m[INFO] [1755782767.785037186] [zed.zed_node]: Advertised on topic: /zed/zed_node/left_raw_gray/image_raw_gray[0m
[component_container_isolated-2] [0m[INFO] [1755782767.785105956] [zed.zed_node]: Advertised on topic: /zed/zed_node/left_raw_gray/camera_info[0m
[component_container_isolated-2] [0m[INFO] [1755782767.788558522] [zed.zed_node]: Advertised on topic: /zed/zed_node/right/image_rect_color[0m
[component_container_isolated-2] [0m[INFO] [1755782767.788627772] [zed.zed_node]: Advertised on topic: /zed/zed_node/right/camera_info[0m
[component_container_isolated-2] [0m[INFO] [1755782767.791981742] [zed.zed_node]: Advertised on topic: /zed/zed_node/right_gray/image_rect_gray[0m
[component_container_isolated-2] [0m[INFO] [1755782767.792051409] [zed.zed_node]: Advertised on topic: /zed/zed_node/right_gray/camera_info[0m
[component_container_isolated-2] [0m[INFO] [1755782767.795852146] [zed.zed_node]: Advertised on topic: /zed/zed_node/right_raw/image_raw_color[0m
[component_container_isolated-2] [0m[INFO] [1755782767.795931413] [zed.zed_node]: Advertised on topic: /zed/zed_node/right_raw/camera_info[0m
[component_container_isolated-2] [0m[INFO] [1755782767.799546544] [zed.zed_node]: Advertised on topic: /zed/zed_node/right_raw_gray/image_raw_gray[0m
[component_container_isolated-2] [0m[INFO] [1755782767.799624051] [zed.zed_node]: Advertised on topic: /zed/zed_node/right_raw_gray/camera_info[0m
[component_container_isolated-2] [0m[INFO] [1755782767.803072105] [zed.zed_node]: Advertised on topic: /zed/zed_node/depth/depth_registered[0m
[component_container_isolated-2] [0m[INFO] [1755782767.803146283] [zed.zed_node]: Advertised on topic: /zed/zed_node/depth/camera_info[0m
[component_container_isolated-2] [0m[INFO] [1755782767.804469144] [zed.zed_node]: Advertised on topic: /zed/zed_node/depth/depth_info[0m
[component_container_isolated-2] [0m[INFO] [1755782767.807746600] [zed.zed_node]: Advertised on topic: /zed/zed_node/stereo/image_rect_color[0m
[component_container_isolated-2] [0m[INFO] [1755782767.810606474] [zed.zed_node]: Advertised on topic: /zed/zed_node/stereo_raw/image_raw_color[0m
[component_container_isolated-2] [0m[INFO] [1755782767.811302305] [zed.zed_node]: Advertised on topic: /zed/zed_node/confidence/confidence_map[0m
[component_container_isolated-2] [0m[INFO] [1755782767.813775222] [zed.zed_node]: Advertised on topic: /zed/zed_node/disparity/disparity_image[0m
[component_container_isolated-2] [0m[INFO] [1755782767.835473210] [zed.zed_node]: Advertised on topic: /zed/zed_node/point_cloud/cloud_registered[0m
[component_container_isolated-2] [0m[INFO] [1755782767.837040527] [zed.zed_node]: Advertised on topic: /zed/zed_node/pose[0m
[component_container_isolated-2] [0m[INFO] [1755782767.838437087] [zed.zed_node]: Advertised on topic: /zed/zed_node/pose/status[0m
[component_container_isolated-2] [0m[INFO] [1755782767.839762956] [zed.zed_node]: Advertised on topic: /zed/zed_node/pose_with_covariance[0m
[component_container_isolated-2] [0m[INFO] [1755782767.841747696] [zed.zed_node]: Advertised on topic: /zed/zed_node/odom[0m
[component_container_isolated-2] [0m[INFO] [1755782767.842995130] [zed.zed_node]: Advertised on topic: /zed/zed_node/path_map[0m
[component_container_isolated-2] [0m[INFO] [1755782767.844237957] [zed.zed_node]: Advertised on topic: /zed/zed_node/path_odom[0m
[component_container_isolated-2] [0m[INFO] [1755782767.846642871] [zed.zed_node]: Advertised on topic: /zed/plane_marker[0m
[component_container_isolated-2] [0m[INFO] [1755782767.848339632] [zed.zed_node]: Advertised on topic: /zed/plane[0m
[component_container_isolated-2] [0m[INFO] [1755782767.849804834] [zed.zed_node]: Advertised on topic: /zed/zed_node/imu/data[0m
[component_container_isolated-2] [0m[INFO] [1755782767.851051853] [zed.zed_node]: Advertised on topic: /zed/zed_node/imu/data_raw[0m
[component_container_isolated-2] [0m[INFO] [1755782767.852339833] [zed.zed_node]: Advertised on topic: /zed/zed_node/temperature/imu[0m
[component_container_isolated-2] [0m[INFO] [1755782767.853902318] [zed.zed_node]: Advertised on topic: /zed/zed_node/imu/mag[0m
[component_container_isolated-2] [0m[INFO] [1755782767.855096759] [zed.zed_node]: Advertised on topic: /zed/zed_node/atm_press[0m
[component_container_isolated-2] [0m[INFO] [1755782767.856236478] [zed.zed_node]: Advertised on topic: /zed/zed_node/temperature/left[0m
[component_container_isolated-2] [0m[INFO] [1755782767.857536746] [zed.zed_node]: Advertised on topic: /zed/zed_node/temperature/right[0m
[component_container_isolated-2] [0m[INFO] [1755782767.858859991] [zed.zed_node]: Advertised on topic: /zed/zed_node/left_cam_imu_transform[0m
[component_container_isolated-2] [0m[INFO] [1755782767.858937722] [zed.zed_node]: Camera-IMU Translation: 
[component_container_isolated-2]  -0.002 -0.023061 0.000217[0m
[component_container_isolated-2] [0m[INFO] [1755782767.859020413] [zed.zed_node]: Camera-IMU Rotation:
[component_container_isolated-2] FFFF53FFC740
[component_container_isolated-2] 0.999923 0.012211 0.002317
[component_container_isolated-2] -0.012213 0.999925 0.000629
[component_container_isolated-2] -0.002309 -0.000657 0.999997
[component_container_isolated-2] [0m
[component_container_isolated-2] [0m[INFO] [1755782767.859057822] [zed.zed_node]: ===Subscribers ===[0m
[component_container_isolated-2] [0m[INFO] [1755782767.860615507] [zed.zed_node]:  * Plane detection: '/clicked_point'[0m
[component_container_isolated-2] [0m[INFO] [1755782768.036936656] [zed.zed_node]: === Starting Positional Tracking ===[0m
[component_container_isolated-2] [0m[INFO] [1755782768.037132503] [zed.zed_node]:  * Waiting for valid static transformations...[0m
[component_container_isolated-2] [0m[INFO] [1755782768.037361407] [zed.zed_node]:  Static transform ref. CMOS Sensor to Base [zed_left_camera_frame -> zed_camera_link][0m
[component_container_isolated-2] [0m[INFO] [1755782768.037406560] [zed.zed_node]:   * Translation: {0.011,-0.060,-0.015}[0m
[component_container_isolated-2] [0m[INFO] [1755782768.037437634] [zed.zed_node]:   * Rotation: {0.000,-2.865,0.000}[0m
[component_container_isolated-2] [0m[INFO] [1755782768.037517508] [zed.zed_node]:  Static transform ref. CMOS Sensor to Camera Center [zed_left_camera_frame -> zed_camera_center][0m
[component_container_isolated-2] [0m[INFO] [1755782768.037718315] [zed.zed_node]:   * Translation: {0.010,-0.060,0.000}[0m
[component_container_isolated-2] [0m[INFO] [1755782768.037759340] [zed.zed_node]:   * Rotation: {0.000,-0.000,0.000}[0m
[component_container_isolated-2] [0m[INFO] [1755782768.037799278] [zed.zed_node]:  Static transform Camera Center to Base [zed_camera_center -> zed_camera_link][0m
[component_container_isolated-2] [0m[INFO] [1755782768.037816718] [zed.zed_node]:   * Translation: {0.001,0.000,-0.015}[0m
[component_container_isolated-2] [0m[INFO] [1755782768.037843343] [zed.zed_node]:   * Rotation: {0.000,-2.865,0.000}[0m
[component_container_isolated-2] [0m[INFO] [1755782768.038967286] [zed.zed_node]: Initial ZED left camera pose (ZED pos. tracking): [0m
[component_container_isolated-2] [0m[INFO] [1755782768.039030328] [zed.zed_node]:  * T: [-0.0099875,0.06,0.0154998][0m
[component_container_isolated-2] [0m[INFO] [1755782768.039064857] [zed.zed_node]:  * Q: [0,0.0249974,0,0.999688][0m
[component_container_isolated-2] [0m[INFO] [1755783018.621202107] [zed.zed_node]: === Odometry reset for LOOP CLOSURE event ===[0m
[component_container_isolated-2] [0m[INFO] [1755783020.289064411] [zed.zed_node]: === Odometry reset for LOOP CLOSURE event ===[0m
