\BOOKMARK [0][-]{chapter.1}{\376\377\000I\000n\000t\000r\000o\000d\000u\000c\000t\000i\000o\000n}{}% 1
\BOOKMARK [0][-]{chapter.2}{\376\377\000T\000h\000e\000o\000r\000e\000t\000i\000c\000a\000l\000\040\000F\000o\000u\000n\000d\000a\000t\000i\000o\000n\000s}{}% 2
\BOOKMARK [1][-]{section.2.1}{\376\377\000R\000T\000A\000B\000-\000M\000a\000p\000\040\000W\000o\000r\000k\000i\000n\000g\000\040\000P\000r\000i\000n\000c\000i\000p\000l\000e}{chapter.2}% 3
\BOOKMARK [2][-]{subsection.2.1.1}{\376\377\000I\000m\000a\000g\000e\000\040\000L\000o\000c\000a\000t\000i\000o\000n}{section.2.1}% 4
\BOOKMARK [2][-]{subsection.2.1.2}{\376\377\000R\000e\000h\000e\000a\000r\000s\000a\000l}{section.2.1}% 5
\BOOKMARK [2][-]{subsection.2.1.3}{\376\377\000B\000a\000y\000e\000s\000i\000a\000n\000\040\000F\000i\000l\000t\000e\000r\000\040\000U\000p\000d\000a\000t\000e}{section.2.1}% 6
\BOOKMARK [2][-]{subsection.2.1.4}{\376\377\000L\000o\000o\000p\000\040\000C\000l\000o\000s\000u\000r\000e\000\040\000H\000y\000p\000o\000t\000h\000e\000s\000i\000s\000\040\000S\000e\000l\000e\000c\000t\000i\000o\000n}{section.2.1}% 7
\BOOKMARK [2][-]{subsection.2.1.5}{\376\377\000R\000e\000t\000r\000i\000e\000v\000a\000l}{section.2.1}% 8
\BOOKMARK [2][-]{subsection.2.1.6}{\376\377\000T\000r\000a\000n\000s\000f\000e\000r}{section.2.1}% 9
\BOOKMARK [1][-]{section.2.2}{\376\377\000R\000O\000S\0002\000\040\000W\000o\000r\000k\000i\000n\000g\000\040\000F\000r\000a\000m\000e\000w\000o\000r\000k}{chapter.2}% 10
\BOOKMARK [2][-]{subsection.2.2.1}{\376\377\000R\000O\000S\000\040\000g\000r\000a\000p\000h}{section.2.2}% 11
\BOOKMARK [2][-]{subsection.2.2.2}{\376\377\000N\000o\000d\000e}{section.2.2}% 12
\BOOKMARK [2][-]{subsection.2.2.3}{\376\377\000T\000o\000p\000i\000c}{section.2.2}% 13
\BOOKMARK [2][-]{subsection.2.2.4}{\376\377\000S\000e\000r\000v\000i\000c\000e}{section.2.2}% 14
\BOOKMARK [2][-]{subsection.2.2.5}{\376\377\000A\000c\000t\000i\000o\000n}{section.2.2}% 15
\BOOKMARK [2][-]{subsection.2.2.6}{\376\377\000P\000a\000r\000a\000m\000e\000t\000e\000r}{section.2.2}% 16
\BOOKMARK [2][-]{subsection.2.2.7}{\376\377\000T\000F\0002}{section.2.2}% 17
\BOOKMARK [0][-]{chapter.3}{\376\377\000E\000n\000g\000i\000n\000e\000e\000r\000i\000n\000g\000\040\000D\000e\000s\000i\000g\000n}{}% 18
\BOOKMARK [1][-]{section.3.1}{\376\377\000U\000s\000e\000\040\000C\000a\000s\000e}{chapter.3}% 19
\BOOKMARK [1][-]{section.3.2}{\376\377\000E\000n\000g\000i\000n\000e\000e\000r\000i\000n\000g\000\040\000S\000y\000s\000t\000e\000m\000\040\000A\000r\000c\000h\000i\000t\000e\000c\000t\000u\000r\000e}{chapter.3}% 20
\BOOKMARK [1][-]{section.3.3}{\376\377\000D\000a\000t\000a\000\040\000F\000l\000o\000w}{chapter.3}% 21
\BOOKMARK [2][-]{subsection.3.3.1}{\376\377\000S\000t\000e\000r\000e\000o\000\040\000C\000a\000m\000e\000r\000a\000\040\000C\000a\000p\000t\000u\000r\000e\000s\000\040\000L\000e\000f\000t\000\040\000a\000n\000d\000\040\000R\000i\000g\000h\000t\000\040\000C\000a\000m\000e\000r\000a\000\040\000I\000m\000a\000g\000e\000\040\000D\000a\000t\000a}{section.3.3}% 22
\BOOKMARK [2][-]{subsection.3.3.2}{\376\377\000I\000m\000a\000g\000e\000\040\000P\000r\000e\000p\000r\000o\000c\000e\000s\000s\000i\000n\000g\000\040\000i\000n\000\040\000u\000o\000a\000\137\000r\000o\000b\000o\000t\000\137\000d\000r\000o\000n\000e\000\040\000P\000a\000c\000k\000a\000g\000e\000\040\000o\000n\000\040\000O\000r\000i\000n}{section.3.3}% 23
\BOOKMARK [2][-]{subsection.3.3.3}{\376\377\000r\000t\000a\000b\000m\000a\000p\000\040\000P\000a\000c\000k\000a\000g\000e\000\040\000f\000o\000r\000\040\000M\000a\000p\000p\000i\000n\000g\000\040\000a\000n\000d\000\040\000L\000o\000c\000a\000l\000i\000z\000a\000t\000i\000o\000n}{section.3.3}% 24
\BOOKMARK [2][-]{subsection.3.3.4}{\376\377\000u\000o\000a\000\137\000r\000o\000b\000o\000t\000\137\000d\000r\000o\000n\000e\000\040\000P\000a\000c\000k\000a\000g\000e\000\040\000o\000n\000\040\000P\000C\000\040\000R\000e\000c\000e\000i\000v\000e\000s\000\040\000I\000m\000a\000g\000e\000,\000\040\000R\000o\000b\000o\000t\000\040\000C\000u\000r\000r\000e\000n\000t\000\040\000P\000o\000s\000e\000,\000\040\000a\000n\000d\000\040\000T\000a\000r\000g\000e\000t\000\040\000P\000o\000s\000e\000\040\000D\000a\000t\000a\000,\000\040\000a\000n\000d\000\040\000P\000u\000b\000l\000i\000s\000h\000e\000s\000\040\000C\000o\000n\000t\000r\000o\000l\000\040\000C\000o\000m\000m\000a\000n\000d\000s\000\040\000t\000o\000\040\000D\000r\000o\000n\000e}{section.3.3}% 25
\BOOKMARK [2][-]{subsection.3.3.5}{\376\377\000r\000t\000a\000b\000m\000a\000p\000\137\000v\000i\000z\000\040\000N\000o\000d\000e\000\040\000D\000i\000s\000p\000l\000a\000y\000s\000\040\000L\000o\000o\000p\000\040\000C\000l\000o\000s\000u\000r\000e\000\040\000D\000e\000t\000e\000c\000t\000i\000o\000n\000\040\000a\000n\000d\000\040\000O\000d\000o\000m\000e\000t\000r\000y\000\040\000I\000m\000a\000g\000e\000\040\000D\000a\000t\000a}{section.3.3}% 26
\BOOKMARK [2][-]{subsection.3.3.6}{\376\377\000r\000v\000i\000z\0002\000\040\000N\000o\000d\000e\000\040\000D\000i\000s\000p\000l\000a\000y\000s\000\040\000M\000a\000p\000\040\000P\000o\000i\000n\000t\000\040\000C\000l\000o\000u\000d\000\040\000D\000a\000t\000a\000\040\000a\000n\000d\000\040\000R\000o\000b\000o\000t\000\040\000P\000o\000s\000e}{section.3.3}% 27
\BOOKMARK [2][-]{subsection.3.3.7}{\376\377\000n\000a\000v\000i\000g\000a\000t\000i\000o\000n\0002\000\040\000P\000a\000c\000k\000a\000g\000e\000\040\000f\000o\000r\000\040\000N\000a\000v\000i\000g\000a\000t\000i\000o\000n}{section.3.3}% 28
\BOOKMARK [2][-]{subsection.3.3.8}{\376\377\000t\000e\000l\000e\000o\000p\000\137\000k\000e\000y\000b\000o\000a\000r\000d\000\040\000N\000o\000d\000e\000\040\000f\000o\000r\000\040\000M\000a\000n\000u\000a\000l\000\040\000R\000o\000b\000o\000t\000\040\000C\000o\000n\000t\000r\000o\000l}{section.3.3}% 29
\BOOKMARK [0][-]{chapter.4}{\376\377\000I\000m\000p\000l\000e\000m\000e\000n\000t\000a\000t\000i\000o\000n}{}% 30
\BOOKMARK [1][-]{section.4.1}{\376\377\000H\000a\000r\000d\000w\000a\000r\000e\000\040\000S\000e\000l\000e\000c\000t\000i\000o\000n}{chapter.4}% 31
\BOOKMARK [2][-]{subsection.4.1.1}{\376\377\000R\000o\000b\000o\000t\000\040\000P\000l\000a\000t\000f\000o\000r\000m\000\040\040\023\000\040\000T\000u\000r\000t\000l\000e\000b\000o\000t\0003\000\040\000W\000a\000f\000f\000l\000e\000\040\000P\000i}{section.4.1}% 32
\BOOKMARK [2][-]{subsection.4.1.2}{\376\377\000S\000t\000e\000r\000e\000o\000\040\000V\000i\000s\000i\000o\000n\000\040\000C\000a\000m\000e\000r\000a\000\040\040\023\000\040\000Z\000E\000D\000\040\0002}{section.4.1}% 33
\BOOKMARK [2][-]{subsection.4.1.3}{\376\377\000E\000d\000g\000e\000\040\000C\000o\000m\000p\000u\000t\000i\000n\000g\000\040\000U\000n\000i\000t\000\040\040\023\000\040\000J\000e\000t\000s\000o\000n\000\040\000O\000r\000i\000n\000\040\000N\000a\000n\000o}{section.4.1}% 34
\BOOKMARK [2][-]{subsection.4.1.4}{\376\377\000P\000o\000w\000e\000r\000\040\000S\000u\000p\000p\000l\000y\000\040\040\023\000\040\000I\000N\000I\000U\000\040\000P\000o\000w\000e\000r\000\040\000B\000a\000n\000k}{section.4.1}% 35
\BOOKMARK [2][-]{subsection.4.1.5}{\376\377\000D\000r\000o\000n\000e\000\040\040\023\000\040\000D\000J\000I\000\040\000T\000e\000l\000l\000o\000\040\000E\000D\000U}{section.4.1}% 36
\BOOKMARK [2][-]{subsection.4.1.6}{\376\377\000M\000o\000n\000i\000t\000o\000r\000i\000n\000g\000\040\000S\000y\000s\000t\000e\000m\000\040\040\023\000\040\000L\000e\000n\000o\000v\000o\000\040\000L\000a\000p\000t\000o\000p\000\040\000Y\000o\000g\000a\000\040\0001\0004\000s\000\040\0002\0000\0002\0001}{section.4.1}% 37
\BOOKMARK [1][-]{section.4.2}{\376\377\000E\000n\000v\000i\000r\000o\000n\000m\000e\000n\000t\000\040\000S\000e\000t\000u\000p}{chapter.4}% 38
\BOOKMARK [2][-]{subsection.4.2.1}{\376\377\000P\000C\000\040\000S\000e\000t\000u\000p}{section.4.2}% 39
\BOOKMARK [2][-]{subsection.4.2.2}{\376\377\000T\000u\000r\000t\000l\000e\000b\000o\000t\0003\000\040\000S\000e\000t\000u\000p}{section.4.2}% 40
\BOOKMARK [2][-]{subsection.4.2.3}{\376\377\000J\000e\000t\000s\000o\000n\000\040\000O\000r\000i\000n\000\040\000N\000a\000n\000o\000\040\000S\000e\000t\000u\000p}{section.4.2}% 41
\BOOKMARK [0][-]{chapter.5}{\376\377\000E\000v\000a\000l\000u\000a\000t\000i\000o\000n}{}% 42
\BOOKMARK [0][-]{chapter.6}{\376\377\000C\000o\000n\000c\000l\000u\000s\000i\000o\000n}{}% 43
\BOOKMARK [0][-]{appendix.A}{\376\377\000R\000O\000S\000\040\000G\000r\000a\000p\000h\000s}{}% 44
\BOOKMARK [1][-]{section.A.1}{\376\377\000R\000O\000S\000\040\000G\000r\000a\000p\000h\000\040\000o\000f\000\040\000t\000h\000e\000\040\000M\000a\000p\000p\000i\000n\000g\000\040\000S\000t\000a\000g\000e}{appendix.A}% 45
\BOOKMARK [1][-]{section.A.2}{\376\377\000R\000O\000S\000\040\000G\000r\000a\000p\000h\000\040\000o\000f\000\040\000t\000h\000e\000\040\000L\000o\000c\000a\000l\000i\000z\000a\000t\000i\000o\000n\000\040\000S\000t\000a\000g\000e}{appendix.A}% 46
\BOOKMARK [1][-]{section.A.3}{\376\377\000R\000O\000S\000\040\000G\000r\000a\000p\000h\000\040\000o\000f\000\040\000t\000h\000e\000\040\000N\000a\000v\000i\000g\000a\000t\000i\000o\000n\000\040\000S\000t\000a\000g\000e}{appendix.A}% 47
