This is pdfTeX, Version 3.141592653-2.6-1.40.22 (TeX Live 2022/dev/Debian) (preloaded format=pdflatex 2025.8.20)  20 AUG 2025 09:02
entering extended mode
 restricted \write18 enabled.
 %&-line parsing enabled.
**thesis.tex
(./thesis.tex
LaTeX2e <2021-11-15> patch level 1
L3 programming layer <2022-01-21> (./abdnthesis.cls
Document Class: abdnthesis 2013/08/11 2.3 ABDN Thesis Class
(/usr/share/texlive/texmf-dist/tex/generic/iftex/ifpdf.sty
Package: ifpdf 2019/10/25 v3.4 ifpdf legacy package. Use iftex instead.

(/usr/share/texlive/texmf-dist/tex/generic/iftex/iftex.sty
Package: iftex 2020/03/06 v1.0d TeX engine tests
))
(/usr/share/texlive/texmf-dist/tex/latex/setspace/setspace.sty
Package: setspace 2011/12/19 v6.7a set line spacing
)
(/usr/share/texlive/texmf-dist/tex/latex/base/book.cls
Document Class: book 2021/10/04 v1.4n Standard LaTeX document class
(/usr/share/texlive/texmf-dist/tex/latex/base/bk11.clo
File: bk11.clo 2021/10/04 v1.4n Standard LaTeX file (size option)
)
\c@part=\count185
\c@chapter=\count186
\c@section=\count187
\c@subsection=\count188
\c@subsubsection=\count189
\c@paragraph=\count190
\c@subparagraph=\count191
\c@figure=\count192
\c@table=\count193
\abovecaptionskip=\skip47
\belowcaptionskip=\skip48
\bibindent=\dimen138
)
(/usr/share/texlive/texmf-dist/tex/latex/graphics/graphicx.sty
Package: graphicx 2021/09/16 v1.2d Enhanced LaTeX Graphics (DPC,SPQR)

(/usr/share/texlive/texmf-dist/tex/latex/graphics/keyval.sty
Package: keyval 2014/10/28 v1.15 key=value parser (DPC)
\KV@toks@=\toks16
)
(/usr/share/texlive/texmf-dist/tex/latex/graphics/graphics.sty
Package: graphics 2021/03/04 v1.4d Standard LaTeX Graphics (DPC,SPQR)

(/usr/share/texlive/texmf-dist/tex/latex/graphics/trig.sty
Package: trig 2021/08/11 v1.11 sin cos tan (DPC)
)
(/usr/share/texlive/texmf-dist/tex/latex/graphics-cfg/graphics.cfg
File: graphics.cfg 2016/06/04 v1.11 sample graphics configuration
)
Package graphics Info: Driver file: pdftex.def on input line 107.

(/usr/share/texlive/texmf-dist/tex/latex/graphics-def/pdftex.def
File: pdftex.def 2020/10/05 v1.2a Graphics/color driver for pdftex
))
\Gin@req@height=\dimen139
\Gin@req@width=\dimen140
)
(/usr/share/texlive/texmf-dist/tex/latex/psnfss/mathptmx.sty
Package: mathptmx 2020/03/25 PSNFSS-v9.3 Times w/ Math, improved (SPQR, WaS) 
LaTeX Font Info:    Redeclaring symbol font `operators' on input line 28.
LaTeX Font Info:    Overwriting symbol font `operators' in version `normal'
(Font)                  OT1/cmr/m/n --> OT1/ztmcm/m/n on input line 28.
LaTeX Font Info:    Overwriting symbol font `operators' in version `bold'
(Font)                  OT1/cmr/bx/n --> OT1/ztmcm/m/n on input line 28.
LaTeX Font Info:    Redeclaring symbol font `letters' on input line 29.
LaTeX Font Info:    Overwriting symbol font `letters' in version `normal'
(Font)                  OML/cmm/m/it --> OML/ztmcm/m/it on input line 29.
LaTeX Font Info:    Overwriting symbol font `letters' in version `bold'
(Font)                  OML/cmm/b/it --> OML/ztmcm/m/it on input line 29.
LaTeX Font Info:    Redeclaring symbol font `symbols' on input line 30.
LaTeX Font Info:    Overwriting symbol font `symbols' in version `normal'
(Font)                  OMS/cmsy/m/n --> OMS/ztmcm/m/n on input line 30.
LaTeX Font Info:    Overwriting symbol font `symbols' in version `bold'
(Font)                  OMS/cmsy/b/n --> OMS/ztmcm/m/n on input line 30.
LaTeX Font Info:    Redeclaring symbol font `largesymbols' on input line 31.
LaTeX Font Info:    Overwriting symbol font `largesymbols' in version `normal'
(Font)                  OMX/cmex/m/n --> OMX/ztmcm/m/n on input line 31.
LaTeX Font Info:    Overwriting symbol font `largesymbols' in version `bold'
(Font)                  OMX/cmex/m/n --> OMX/ztmcm/m/n on input line 31.
\symbold=\mathgroup4
\symitalic=\mathgroup5
LaTeX Font Info:    Redeclaring math alphabet \mathbf on input line 34.
LaTeX Font Info:    Overwriting math alphabet `\mathbf' in version `normal'
(Font)                  OT1/cmr/bx/n --> OT1/ptm/bx/n on input line 34.
LaTeX Font Info:    Overwriting math alphabet `\mathbf' in version `bold'
(Font)                  OT1/cmr/bx/n --> OT1/ptm/bx/n on input line 34.
LaTeX Font Info:    Redeclaring math alphabet \mathit on input line 35.
LaTeX Font Info:    Overwriting math alphabet `\mathit' in version `normal'
(Font)                  OT1/cmr/m/it --> OT1/ptm/m/it on input line 35.
LaTeX Font Info:    Overwriting math alphabet `\mathit' in version `bold'
(Font)                  OT1/cmr/bx/it --> OT1/ptm/m/it on input line 35.
LaTeX Info: Redefining \hbar on input line 50.
)
LaTeX Font Info:    Overwriting math alphabet `\mathcal' in version `normal'
(Font)                  OMS/ztmcm/m/n --> OMS/cmsy/m/n on input line 227.
LaTeX Font Info:    Overwriting math alphabet `\mathcal' in version `bold'
(Font)                  OMS/ztmcm/m/n --> OMS/cmsy/b/n on input line 228.

(/usr/share/texlive/texmf-dist/tex/latex/fancyhdr/fancyhdr.sty
Package: fancyhdr 2021/01/28 v4.0.1 Extensive control of page headers and foote
rs
\f@nch@headwidth=\skip49
\f@nch@O@elh=\skip50
\f@nch@O@erh=\skip51
\f@nch@O@olh=\skip52
\f@nch@O@orh=\skip53
\f@nch@O@elf=\skip54
\f@nch@O@erf=\skip55
\f@nch@O@olf=\skip56
\f@nch@O@orf=\skip57
)
(/usr/share/texlive/texmf-dist/tex/latex/caption/caption.sty
Package: caption 2020/10/26 v3.5g Customizing captions (AR)

(/usr/share/texlive/texmf-dist/tex/latex/caption/caption3.sty
Package: caption3 2020/10/21 v2.2e caption3 kernel (AR)
\captionmargin=\dimen141
\captionmargin@=\dimen142
\captionwidth=\dimen143
\caption@tempdima=\dimen144
\caption@indent=\dimen145
\caption@parindent=\dimen146
\caption@hangindent=\dimen147
Package caption Info: Standard document class detected.
)
\c@caption@flags=\count194
\c@continuedfloat=\count195
)
(/usr/share/texlive/texmf-dist/tex/latex/amsmath/amsmath.sty
Package: amsmath 2021/10/15 v2.17l AMS math features
\@mathmargin=\skip58

For additional information on amsmath, use the `?' option.
(/usr/share/texlive/texmf-dist/tex/latex/amsmath/amstext.sty
Package: amstext 2021/08/26 v2.01 AMS text

(/usr/share/texlive/texmf-dist/tex/latex/amsmath/amsgen.sty
File: amsgen.sty 1999/11/30 v2.0 generic functions
\@emptytoks=\toks17
\ex@=\dimen148
))
(/usr/share/texlive/texmf-dist/tex/latex/amsmath/amsbsy.sty
Package: amsbsy 1999/11/29 v1.2d Bold Symbols
\pmbraise@=\dimen149
)
(/usr/share/texlive/texmf-dist/tex/latex/amsmath/amsopn.sty
Package: amsopn 2021/08/26 v2.02 operator names
)
\inf@bad=\count196
LaTeX Info: Redefining \frac on input line 234.
\uproot@=\count197
\leftroot@=\count198
LaTeX Info: Redefining \overline on input line 399.
\classnum@=\count199
\DOTSCASE@=\count266
LaTeX Info: Redefining \ldots on input line 496.
LaTeX Info: Redefining \dots on input line 499.
LaTeX Info: Redefining \cdots on input line 620.
\Mathstrutbox@=\box50
\strutbox@=\box51
\big@size=\dimen150
LaTeX Font Info:    Redeclaring font encoding OML on input line 743.
LaTeX Font Info:    Redeclaring font encoding OMS on input line 744.
\macc@depth=\count267
\c@MaxMatrixCols=\count268
\dotsspace@=\muskip16
\c@parentequation=\count269
\dspbrk@lvl=\count270
\tag@help=\toks18
\row@=\count271
\column@=\count272
\maxfields@=\count273
\andhelp@=\toks19
\eqnshift@=\dimen151
\alignsep@=\dimen152
\tagshift@=\dimen153
\tagwidth@=\dimen154
\totwidth@=\dimen155
\lineht@=\dimen156
\@envbody=\toks20
\multlinegap=\skip59
\multlinetaggap=\skip60
\mathdisplay@stack=\toks21
LaTeX Info: Redefining \[ on input line 2938.
LaTeX Info: Redefining \] on input line 2939.
)
(/usr/share/texlive/texmf-dist/tex/latex/amsfonts/amsfonts.sty
Package: amsfonts 2013/01/14 v3.01 Basic AMSFonts support
\symAMSa=\mathgroup6
\symAMSb=\mathgroup7
LaTeX Font Info:    Overwriting math alphabet `\mathfrak' in version `bold'
(Font)                  U/euf/m/n --> U/euf/b/n on input line 106.
)
(/usr/share/texlive/texmf-dist/tex/latex/amsfonts/amssymb.sty
Package: amssymb 2013/01/14 v3.01 AMS font symbols
))
(/usr/share/texlive/texmf-dist/tex/latex/natbib/natbib.sty
Package: natbib 2010/09/13 8.31b (PWD, AO)
\bibhang=\skip61
\bibsep=\skip62
LaTeX Info: Redefining \cite on input line 694.
\c@NAT@ctr=\count274
)
(/usr/share/texlive/texmf-dist/tex/latex/tools/array.sty
Package: array 2021/10/04 v2.5f Tabular extension package (FMi)
\col@sep=\dimen157
\ar@mcellbox=\box52
\extrarowheight=\dimen158
\NC@list=\toks22
\extratabsurround=\skip63
\backup@length=\skip64
\ar@cellbox=\box53
)
(/usr/share/texlive/texmf-dist/tex/latex/xcolor/xcolor.sty
Package: xcolor 2021/10/31 v2.13 LaTeX color extensions (UK)

(/usr/share/texlive/texmf-dist/tex/latex/graphics-cfg/color.cfg
File: color.cfg 2016/01/02 v1.6 sample color configuration
)
Package xcolor Info: Driver file: pdftex.def on input line 227.
Package xcolor Info: Model `cmy' substituted by `cmy0' on input line 1352.
Package xcolor Info: Model `hsb' substituted by `rgb' on input line 1356.
Package xcolor Info: Model `RGB' extended on input line 1368.
Package xcolor Info: Model `HTML' substituted by `rgb' on input line 1370.
Package xcolor Info: Model `Hsb' substituted by `hsb' on input line 1371.
Package xcolor Info: Model `tHsb' substituted by `hsb' on input line 1372.
Package xcolor Info: Model `HSB' substituted by `hsb' on input line 1373.
Package xcolor Info: Model `Gray' substituted by `gray' on input line 1374.
Package xcolor Info: Model `wave' substituted by `hsb' on input line 1375.
)
(/usr/share/texlive/texmf-dist/tex/latex/base/fontenc.sty
Package: fontenc 2021/04/29 v2.0v Standard LaTeX package
LaTeX Font Info:    Trying to load font information for T1+ptm on input line 11
2.

(/usr/share/texlive/texmf-dist/tex/latex/psnfss/t1ptm.fd
File: t1ptm.fd 2001/06/04 font definitions for T1/ptm.
))
(/usr/share/texlive/texmf-dist/tex/latex/caption/subcaption.sty
Package: subcaption 2020/10/07 v1.3j Sub-captions (AR)
\c@subfigure=\count275
\c@subtable=\count276
)
(/usr/share/texlive/texmf-dist/tex/latex/graphics/rotating.sty
Package: rotating 2016/08/11 v2.16d rotated objects in LaTeX

(/usr/share/texlive/texmf-dist/tex/latex/base/ifthen.sty
Package: ifthen 2020/11/24 v1.1c Standard LaTeX ifthen package (DPC)
)
\c@r@tfl@t=\count277
\rotFPtop=\skip65
\rotFPbot=\skip66
\rot@float@box=\box54
\rot@mess@toks=\toks23
)
(/usr/share/texlive/texmf-dist/tex/latex/adjustbox/adjustbox.sty
Package: adjustbox 2020/08/19 v1.3 Adjusting TeX boxes (trim, clip, ...)

(/usr/share/texlive/texmf-dist/tex/latex/xkeyval/xkeyval.sty
Package: xkeyval 2020/11/20 v2.8 package option processing (HA)

(/usr/share/texlive/texmf-dist/tex/generic/xkeyval/xkeyval.tex
(/usr/share/texlive/texmf-dist/tex/generic/xkeyval/xkvutils.tex
\XKV@toks=\toks24
\XKV@tempa@toks=\toks25
)
\XKV@depth=\count278
File: xkeyval.tex 2014/12/03 v2.7a key=value parser (HA)
))
(/usr/share/texlive/texmf-dist/tex/latex/adjustbox/adjcalc.sty
Package: adjcalc 2012/05/16 v1.1 Provides advanced setlength with multiple back
-ends (calc, etex, pgfmath)
)
(/usr/share/texlive/texmf-dist/tex/latex/adjustbox/trimclip.sty
Package: trimclip 2020/08/19 v1.2 Trim and clip general TeX material

(/usr/share/texlive/texmf-dist/tex/latex/collectbox/collectbox.sty
Package: collectbox 2012/05/17 v0.4b Collect macro arguments as boxes
\collectedbox=\box55
)
\tc@llx=\dimen159
\tc@lly=\dimen160
\tc@urx=\dimen161
\tc@ury=\dimen162
Package trimclip Info: Using driver 'tc-pdftex.def'.

(/usr/share/texlive/texmf-dist/tex/latex/adjustbox/tc-pdftex.def
File: tc-pdftex.def 2019/01/04 v2.2 Clipping driver for pdftex
))
\adjbox@Width=\dimen163
\adjbox@Height=\dimen164
\adjbox@Depth=\dimen165
\adjbox@Totalheight=\dimen166
\adjbox@pwidth=\dimen167
\adjbox@pheight=\dimen168
\adjbox@pdepth=\dimen169
\adjbox@ptotalheight=\dimen170

(/usr/share/texlive/texmf-dist/tex/latex/ifoddpage/ifoddpage.sty
Package: ifoddpage 2016/04/23 v1.1 Conditionals for odd/even page detection
\c@checkoddpage=\count279
)
(/usr/share/texlive/texmf-dist/tex/latex/varwidth/varwidth.sty
Package: varwidth 2009/03/30 ver 0.92;  Variable-width minipages
\@vwid@box=\box56
\sift@deathcycles=\count280
\@vwid@loff=\dimen171
\@vwid@roff=\dimen172
))
(/usr/share/texlive/texmf-dist/tex/latex/seqsplit/seqsplit.sty
Package: seqsplit 2006/08/07 v0.1 Splitting long sequences (DNA, RNA, proteins,
 etc.) 
)
(/usr/share/texlive/texmf-dist/tex/latex/pdflscape/pdflscape.sty
Package: pdflscape 2019/12/05 v0.12 Display of landscape pages in PDF (HO)

(/usr/share/texlive/texmf-dist/tex/latex/graphics/lscape.sty
Package: lscape 2020/05/28 v3.02 Landscape Pages (DPC)
)
Package pdflscape Info: Auto-detected driver: pdftex on input line 81.
)
(/usr/share/texlive/texmf-dist/tex/latex/geometry/geometry.sty
Package: geometry 2020/01/02 v5.9 Page Geometry

(/usr/share/texlive/texmf-dist/tex/generic/iftex/ifvtex.sty
Package: ifvtex 2019/10/25 v1.7 ifvtex legacy package. Use iftex instead.
)
\Gm@cnth=\count281
\Gm@cntv=\count282
\c@Gm@tempcnt=\count283
\Gm@bindingoffset=\dimen173
\Gm@wd@mp=\dimen174
\Gm@odd@mp=\dimen175
\Gm@even@mp=\dimen176
\Gm@layoutwidth=\dimen177
\Gm@layoutheight=\dimen178
\Gm@layouthoffset=\dimen179
\Gm@layoutvoffset=\dimen180
\Gm@dimlist=\toks26
)
(/usr/share/texlive/texmf-dist/tex/latex/hyperref/hyperref.sty
Package: hyperref 2021-06-07 v7.00m Hypertext links for LaTeX

(/usr/share/texlive/texmf-dist/tex/generic/ltxcmds/ltxcmds.sty
Package: ltxcmds 2020-05-10 v1.25 LaTeX kernel commands for general use (HO)
)
(/usr/share/texlive/texmf-dist/tex/generic/pdftexcmds/pdftexcmds.sty
Package: pdftexcmds 2020-06-27 v0.33 Utility functions of pdfTeX for LuaTeX (HO
)

(/usr/share/texlive/texmf-dist/tex/generic/infwarerr/infwarerr.sty
Package: infwarerr 2019/12/03 v1.5 Providing info/warning/error messages (HO)
)
Package pdftexcmds Info: \pdf@primitive is available.
Package pdftexcmds Info: \pdf@ifprimitive is available.
Package pdftexcmds Info: \pdfdraftmode found.
)
(/usr/share/texlive/texmf-dist/tex/generic/kvsetkeys/kvsetkeys.sty
Package: kvsetkeys 2019/12/15 v1.18 Key value parser (HO)
)
(/usr/share/texlive/texmf-dist/tex/generic/kvdefinekeys/kvdefinekeys.sty
Package: kvdefinekeys 2019-12-19 v1.6 Define keys (HO)
)
(/usr/share/texlive/texmf-dist/tex/generic/pdfescape/pdfescape.sty
Package: pdfescape 2019/12/09 v1.15 Implements pdfTeX's escape features (HO)
)
(/usr/share/texlive/texmf-dist/tex/latex/hycolor/hycolor.sty
Package: hycolor 2020-01-27 v1.10 Color options for hyperref/bookmark (HO)
)
(/usr/share/texlive/texmf-dist/tex/latex/letltxmacro/letltxmacro.sty
Package: letltxmacro 2019/12/03 v1.6 Let assignment for LaTeX macros (HO)
)
(/usr/share/texlive/texmf-dist/tex/latex/auxhook/auxhook.sty
Package: auxhook 2019-12-17 v1.6 Hooks for auxiliary files (HO)
)
(/usr/share/texlive/texmf-dist/tex/latex/kvoptions/kvoptions.sty
Package: kvoptions 2020-10-07 v3.14 Key value format for package options (HO)
)
\@linkdim=\dimen181
\Hy@linkcounter=\count284
\Hy@pagecounter=\count285

(/usr/share/texlive/texmf-dist/tex/latex/hyperref/pd1enc.def
File: pd1enc.def 2021-06-07 v7.00m Hyperref: PDFDocEncoding definition (HO)
Now handling font encoding PD1 ...
... no UTF-8 mapping file for font encoding PD1
)
(/usr/share/texlive/texmf-dist/tex/latex/hyperref/hyperref-langpatches.def
File: hyperref-langpatches.def 2021-06-07 v7.00m Hyperref: patches for babel la
nguages
)
(/usr/share/texlive/texmf-dist/tex/generic/intcalc/intcalc.sty
Package: intcalc 2019/12/15 v1.3 Expandable calculations with integers (HO)
)
(/usr/share/texlive/texmf-dist/tex/generic/etexcmds/etexcmds.sty
Package: etexcmds 2019/12/15 v1.7 Avoid name clashes with e-TeX commands (HO)
)
\Hy@SavedSpaceFactor=\count286

(/usr/share/texlive/texmf-dist/tex/latex/hyperref/puenc.def
File: puenc.def 2021-06-07 v7.00m Hyperref: PDF Unicode definition (HO)
Now handling font encoding PU ...
... no UTF-8 mapping file for font encoding PU
)
Package hyperref Info: Hyper figures OFF on input line 4192.
Package hyperref Info: Link nesting OFF on input line 4197.
Package hyperref Info: Hyper index ON on input line 4200.
Package hyperref Info: Plain pages OFF on input line 4207.
Package hyperref Info: Backreferencing OFF on input line 4212.
Package hyperref Info: Implicit mode ON; LaTeX internals redefined.
Package hyperref Info: Bookmarks ON on input line 4445.
\c@Hy@tempcnt=\count287

(/usr/share/texlive/texmf-dist/tex/latex/url/url.sty
\Urlmuskip=\muskip17
Package: url 2013/09/16  ver 3.4  Verb mode for urls, etc.
)
LaTeX Info: Redefining \url on input line 4804.
\XeTeXLinkMargin=\dimen182

(/usr/share/texlive/texmf-dist/tex/generic/bitset/bitset.sty
Package: bitset 2019/12/09 v1.3 Handle bit-vector datatype (HO)

(/usr/share/texlive/texmf-dist/tex/generic/bigintcalc/bigintcalc.sty
Package: bigintcalc 2019/12/15 v1.5 Expandable calculations on big integers (HO
)
))
\Fld@menulength=\count288
\Field@Width=\dimen183
\Fld@charsize=\dimen184
Package hyperref Info: Hyper figures OFF on input line 6076.
Package hyperref Info: Link nesting OFF on input line 6081.
Package hyperref Info: Hyper index ON on input line 6084.
Package hyperref Info: backreferencing OFF on input line 6091.
Package hyperref Info: Link coloring OFF on input line 6096.
Package hyperref Info: Link coloring with OCG OFF on input line 6101.
Package hyperref Info: PDF/A mode OFF on input line 6106.
LaTeX Info: Redefining \ref on input line 6146.
LaTeX Info: Redefining \pageref on input line 6150.

(/usr/share/texlive/texmf-dist/tex/latex/base/atbegshi-ltx.sty
Package: atbegshi-ltx 2021/01/10 v1.0c Emulation of the original atbegshi
package with kernel methods
)
\Hy@abspage=\count289
\c@Item=\count290
\c@Hfootnote=\count291
)
Package hyperref Info: Driver (autodetected): hpdftex.

(/usr/share/texlive/texmf-dist/tex/latex/hyperref/hpdftex.def
File: hpdftex.def 2021-06-07 v7.00m Hyperref driver for pdfTeX

(/usr/share/texlive/texmf-dist/tex/latex/base/atveryend-ltx.sty
Package: atveryend-ltx 2020/08/19 v1.0a Emulation of the original atveryend pac
kage
with kernel methods
)
\Fld@listcount=\count292
\c@bookmark@seq@number=\count293

(/usr/share/texlive/texmf-dist/tex/latex/rerunfilecheck/rerunfilecheck.sty
Package: rerunfilecheck 2019/12/05 v1.9 Rerun checks for auxiliary files (HO)

(/usr/share/texlive/texmf-dist/tex/generic/uniquecounter/uniquecounter.sty
Package: uniquecounter 2019/12/15 v1.4 Provide unlimited unique counter (HO)
)
Package uniquecounter Info: New unique counter `rerunfilecheck' on input line 2
86.
)
\Hy@SectionHShift=\skip67
)
(/usr/share/texlive/texmf-dist/tex/latex/pgf/frontendlayer/tikz.sty
(/usr/share/texlive/texmf-dist/tex/latex/pgf/basiclayer/pgf.sty
(/usr/share/texlive/texmf-dist/tex/latex/pgf/utilities/pgfrcs.sty
(/usr/share/texlive/texmf-dist/tex/generic/pgf/utilities/pgfutil-common.tex
\pgfutil@everybye=\toks27
\pgfutil@tempdima=\dimen185
\pgfutil@tempdimb=\dimen186

(/usr/share/texlive/texmf-dist/tex/generic/pgf/utilities/pgfutil-common-lists.t
ex)) (/usr/share/texlive/texmf-dist/tex/generic/pgf/utilities/pgfutil-latex.def
\pgfutil@abb=\box57
) (/usr/share/texlive/texmf-dist/tex/generic/pgf/utilities/pgfrcs.code.tex
(/usr/share/texlive/texmf-dist/tex/generic/pgf/pgf.revision.tex)
Package: pgfrcs 2021/05/15 v3.1.9a (3.1.9a)
))
Package: pgf 2021/05/15 v3.1.9a (3.1.9a)

(/usr/share/texlive/texmf-dist/tex/latex/pgf/basiclayer/pgfcore.sty
(/usr/share/texlive/texmf-dist/tex/latex/pgf/systemlayer/pgfsys.sty
(/usr/share/texlive/texmf-dist/tex/generic/pgf/systemlayer/pgfsys.code.tex
Package: pgfsys 2021/05/15 v3.1.9a (3.1.9a)

(/usr/share/texlive/texmf-dist/tex/generic/pgf/utilities/pgfkeys.code.tex
\pgfkeys@pathtoks=\toks28
\pgfkeys@temptoks=\toks29

(/usr/share/texlive/texmf-dist/tex/generic/pgf/utilities/pgfkeysfiltered.code.t
ex
\pgfkeys@tmptoks=\toks30
))
\pgf@x=\dimen187
\pgf@y=\dimen188
\pgf@xa=\dimen189
\pgf@ya=\dimen190
\pgf@xb=\dimen191
\pgf@yb=\dimen192
\pgf@xc=\dimen193
\pgf@yc=\dimen194
\pgf@xd=\dimen195
\pgf@yd=\dimen196
\w@pgf@writea=\write3
\r@pgf@reada=\read2
\c@pgf@counta=\count294
\c@pgf@countb=\count295
\c@pgf@countc=\count296
\c@pgf@countd=\count297
\t@pgf@toka=\toks31
\t@pgf@tokb=\toks32
\t@pgf@tokc=\toks33
\pgf@sys@id@count=\count298
 (/usr/share/texlive/texmf-dist/tex/generic/pgf/systemlayer/pgf.cfg
File: pgf.cfg 2021/05/15 v3.1.9a (3.1.9a)
)
Driver file for pgf: pgfsys-pdftex.def

(/usr/share/texlive/texmf-dist/tex/generic/pgf/systemlayer/pgfsys-pdftex.def
File: pgfsys-pdftex.def 2021/05/15 v3.1.9a (3.1.9a)

(/usr/share/texlive/texmf-dist/tex/generic/pgf/systemlayer/pgfsys-common-pdf.de
f
File: pgfsys-common-pdf.def 2021/05/15 v3.1.9a (3.1.9a)
)))
(/usr/share/texlive/texmf-dist/tex/generic/pgf/systemlayer/pgfsyssoftpath.code.
tex
File: pgfsyssoftpath.code.tex 2021/05/15 v3.1.9a (3.1.9a)
\pgfsyssoftpath@smallbuffer@items=\count299
\pgfsyssoftpath@bigbuffer@items=\count300
)
(/usr/share/texlive/texmf-dist/tex/generic/pgf/systemlayer/pgfsysprotocol.code.
tex
File: pgfsysprotocol.code.tex 2021/05/15 v3.1.9a (3.1.9a)
))
(/usr/share/texlive/texmf-dist/tex/generic/pgf/basiclayer/pgfcore.code.tex
Package: pgfcore 2021/05/15 v3.1.9a (3.1.9a)

(/usr/share/texlive/texmf-dist/tex/generic/pgf/math/pgfmath.code.tex
(/usr/share/texlive/texmf-dist/tex/generic/pgf/math/pgfmathcalc.code.tex
(/usr/share/texlive/texmf-dist/tex/generic/pgf/math/pgfmathutil.code.tex)
(/usr/share/texlive/texmf-dist/tex/generic/pgf/math/pgfmathparser.code.tex
\pgfmath@dimen=\dimen197
\pgfmath@count=\count301
\pgfmath@box=\box58
\pgfmath@toks=\toks34
\pgfmath@stack@operand=\toks35
\pgfmath@stack@operation=\toks36
)
(/usr/share/texlive/texmf-dist/tex/generic/pgf/math/pgfmathfunctions.code.tex
(/usr/share/texlive/texmf-dist/tex/generic/pgf/math/pgfmathfunctions.basic.code
.tex)
(/usr/share/texlive/texmf-dist/tex/generic/pgf/math/pgfmathfunctions.trigonomet
ric.code.tex)
(/usr/share/texlive/texmf-dist/tex/generic/pgf/math/pgfmathfunctions.random.cod
e.tex)
(/usr/share/texlive/texmf-dist/tex/generic/pgf/math/pgfmathfunctions.comparison
.code.tex)
(/usr/share/texlive/texmf-dist/tex/generic/pgf/math/pgfmathfunctions.base.code.
tex)
(/usr/share/texlive/texmf-dist/tex/generic/pgf/math/pgfmathfunctions.round.code
.tex)
(/usr/share/texlive/texmf-dist/tex/generic/pgf/math/pgfmathfunctions.misc.code.
tex)
(/usr/share/texlive/texmf-dist/tex/generic/pgf/math/pgfmathfunctions.integerari
thmetics.code.tex)))
(/usr/share/texlive/texmf-dist/tex/generic/pgf/math/pgfmathfloat.code.tex
\c@pgfmathroundto@lastzeros=\count302
))
(/usr/share/texlive/texmf-dist/tex/generic/pgf/math/pgfint.code.tex)
(/usr/share/texlive/texmf-dist/tex/generic/pgf/basiclayer/pgfcorepoints.code.te
x
File: pgfcorepoints.code.tex 2021/05/15 v3.1.9a (3.1.9a)
\pgf@picminx=\dimen198
\pgf@picmaxx=\dimen199
\pgf@picminy=\dimen256
\pgf@picmaxy=\dimen257
\pgf@pathminx=\dimen258
\pgf@pathmaxx=\dimen259
\pgf@pathminy=\dimen260
\pgf@pathmaxy=\dimen261
\pgf@xx=\dimen262
\pgf@xy=\dimen263
\pgf@yx=\dimen264
\pgf@yy=\dimen265
\pgf@zx=\dimen266
\pgf@zy=\dimen267
)
(/usr/share/texlive/texmf-dist/tex/generic/pgf/basiclayer/pgfcorepathconstruct.
code.tex
File: pgfcorepathconstruct.code.tex 2021/05/15 v3.1.9a (3.1.9a)
\pgf@path@lastx=\dimen268
\pgf@path@lasty=\dimen269
)
(/usr/share/texlive/texmf-dist/tex/generic/pgf/basiclayer/pgfcorepathusage.code
.tex
File: pgfcorepathusage.code.tex 2021/05/15 v3.1.9a (3.1.9a)
\pgf@shorten@end@additional=\dimen270
\pgf@shorten@start@additional=\dimen271
)
(/usr/share/texlive/texmf-dist/tex/generic/pgf/basiclayer/pgfcorescopes.code.te
x
File: pgfcorescopes.code.tex 2021/05/15 v3.1.9a (3.1.9a)
\pgfpic=\box59
\pgf@hbox=\box60
\pgf@layerbox@main=\box61
\pgf@picture@serial@count=\count303
)
(/usr/share/texlive/texmf-dist/tex/generic/pgf/basiclayer/pgfcoregraphicstate.c
ode.tex
File: pgfcoregraphicstate.code.tex 2021/05/15 v3.1.9a (3.1.9a)
\pgflinewidth=\dimen272
)
(/usr/share/texlive/texmf-dist/tex/generic/pgf/basiclayer/pgfcoretransformation
s.code.tex
File: pgfcoretransformations.code.tex 2021/05/15 v3.1.9a (3.1.9a)
\pgf@pt@x=\dimen273
\pgf@pt@y=\dimen274
\pgf@pt@temp=\dimen275
)
(/usr/share/texlive/texmf-dist/tex/generic/pgf/basiclayer/pgfcorequick.code.tex
File: pgfcorequick.code.tex 2021/05/15 v3.1.9a (3.1.9a)
)
(/usr/share/texlive/texmf-dist/tex/generic/pgf/basiclayer/pgfcoreobjects.code.t
ex
File: pgfcoreobjects.code.tex 2021/05/15 v3.1.9a (3.1.9a)
)
(/usr/share/texlive/texmf-dist/tex/generic/pgf/basiclayer/pgfcorepathprocessing
.code.tex
File: pgfcorepathprocessing.code.tex 2021/05/15 v3.1.9a (3.1.9a)
)
(/usr/share/texlive/texmf-dist/tex/generic/pgf/basiclayer/pgfcorearrows.code.te
x
File: pgfcorearrows.code.tex 2021/05/15 v3.1.9a (3.1.9a)
\pgfarrowsep=\dimen276
)
(/usr/share/texlive/texmf-dist/tex/generic/pgf/basiclayer/pgfcoreshade.code.tex
File: pgfcoreshade.code.tex 2021/05/15 v3.1.9a (3.1.9a)
\pgf@max=\dimen277
\pgf@sys@shading@range@num=\count304
\pgf@shadingcount=\count305
)
(/usr/share/texlive/texmf-dist/tex/generic/pgf/basiclayer/pgfcoreimage.code.tex
File: pgfcoreimage.code.tex 2021/05/15 v3.1.9a (3.1.9a)

(/usr/share/texlive/texmf-dist/tex/generic/pgf/basiclayer/pgfcoreexternal.code.
tex
File: pgfcoreexternal.code.tex 2021/05/15 v3.1.9a (3.1.9a)
\pgfexternal@startupbox=\box62
))
(/usr/share/texlive/texmf-dist/tex/generic/pgf/basiclayer/pgfcorelayers.code.te
x
File: pgfcorelayers.code.tex 2021/05/15 v3.1.9a (3.1.9a)
)
(/usr/share/texlive/texmf-dist/tex/generic/pgf/basiclayer/pgfcoretransparency.c
ode.tex
File: pgfcoretransparency.code.tex 2021/05/15 v3.1.9a (3.1.9a)
)
(/usr/share/texlive/texmf-dist/tex/generic/pgf/basiclayer/pgfcorepatterns.code.
tex
File: pgfcorepatterns.code.tex 2021/05/15 v3.1.9a (3.1.9a)
)
(/usr/share/texlive/texmf-dist/tex/generic/pgf/basiclayer/pgfcorerdf.code.tex
File: pgfcorerdf.code.tex 2021/05/15 v3.1.9a (3.1.9a)
)))
(/usr/share/texlive/texmf-dist/tex/generic/pgf/modules/pgfmoduleshapes.code.tex
File: pgfmoduleshapes.code.tex 2021/05/15 v3.1.9a (3.1.9a)
\pgfnodeparttextbox=\box63
) (/usr/share/texlive/texmf-dist/tex/generic/pgf/modules/pgfmoduleplot.code.tex
File: pgfmoduleplot.code.tex 2021/05/15 v3.1.9a (3.1.9a)
)
(/usr/share/texlive/texmf-dist/tex/latex/pgf/compatibility/pgfcomp-version-0-65
.sty
Package: pgfcomp-version-0-65 2021/05/15 v3.1.9a (3.1.9a)
\pgf@nodesepstart=\dimen278
\pgf@nodesepend=\dimen279
)
(/usr/share/texlive/texmf-dist/tex/latex/pgf/compatibility/pgfcomp-version-1-18
.sty
Package: pgfcomp-version-1-18 2021/05/15 v3.1.9a (3.1.9a)
)) (/usr/share/texlive/texmf-dist/tex/latex/pgf/utilities/pgffor.sty
(/usr/share/texlive/texmf-dist/tex/latex/pgf/utilities/pgfkeys.sty
(/usr/share/texlive/texmf-dist/tex/generic/pgf/utilities/pgfkeys.code.tex))
(/usr/share/texlive/texmf-dist/tex/latex/pgf/math/pgfmath.sty
(/usr/share/texlive/texmf-dist/tex/generic/pgf/math/pgfmath.code.tex))
(/usr/share/texlive/texmf-dist/tex/generic/pgf/utilities/pgffor.code.tex
Package: pgffor 2021/05/15 v3.1.9a (3.1.9a)

(/usr/share/texlive/texmf-dist/tex/generic/pgf/math/pgfmath.code.tex)
\pgffor@iter=\dimen280
\pgffor@skip=\dimen281
\pgffor@stack=\toks37
\pgffor@toks=\toks38
))
(/usr/share/texlive/texmf-dist/tex/generic/pgf/frontendlayer/tikz/tikz.code.tex
Package: tikz 2021/05/15 v3.1.9a (3.1.9a)

(/usr/share/texlive/texmf-dist/tex/generic/pgf/libraries/pgflibraryplothandlers
.code.tex
File: pgflibraryplothandlers.code.tex 2021/05/15 v3.1.9a (3.1.9a)
\pgf@plot@mark@count=\count306
\pgfplotmarksize=\dimen282
)
\tikz@lastx=\dimen283
\tikz@lasty=\dimen284
\tikz@lastxsaved=\dimen285
\tikz@lastysaved=\dimen286
\tikz@lastmovetox=\dimen287
\tikz@lastmovetoy=\dimen288
\tikzleveldistance=\dimen289
\tikzsiblingdistance=\dimen290
\tikz@figbox=\box64
\tikz@figbox@bg=\box65
\tikz@tempbox=\box66
\tikz@tempbox@bg=\box67
\tikztreelevel=\count307
\tikznumberofchildren=\count308
\tikznumberofcurrentchild=\count309
\tikz@fig@count=\count310

(/usr/share/texlive/texmf-dist/tex/generic/pgf/modules/pgfmodulematrix.code.tex
File: pgfmodulematrix.code.tex 2021/05/15 v3.1.9a (3.1.9a)
\pgfmatrixcurrentrow=\count311
\pgfmatrixcurrentcolumn=\count312
\pgf@matrix@numberofcolumns=\count313
)
\tikz@expandcount=\count314

(/usr/share/texlive/texmf-dist/tex/generic/pgf/frontendlayer/tikz/libraries/tik
zlibrarytopaths.code.tex
File: tikzlibrarytopaths.code.tex 2021/05/15 v3.1.9a (3.1.9a)
)))
(/usr/share/texlive/texmf-dist/tex/latex/listings/listings.sty
\lst@mode=\count315
\lst@gtempboxa=\box68
\lst@token=\toks39
\lst@length=\count316
\lst@currlwidth=\dimen291
\lst@column=\count317
\lst@pos=\count318
\lst@lostspace=\dimen292
\lst@width=\dimen293
\lst@newlines=\count319
\lst@lineno=\count320
\lst@maxwidth=\dimen294

(/usr/share/texlive/texmf-dist/tex/latex/listings/lstmisc.sty
File: lstmisc.sty 2020/03/24 1.8d (Carsten Heinz)
\c@lstnumber=\count321
\lst@skipnumbers=\count322
\lst@framebox=\box69
)
(/usr/share/texlive/texmf-dist/tex/latex/listings/listings.cfg
File: listings.cfg 2020/03/24 1.8d listings configuration
))
Package: listings 2020/03/24 1.8d (Carsten Heinz)

(/usr/share/texlive/texmf-dist/tex/generic/pgf/frontendlayer/tikz/libraries/tik
zlibraryshadows.code.tex
File: tikzlibraryshadows.code.tex 2021/05/15 v3.1.9a (3.1.9a)

(/usr/share/texlive/texmf-dist/tex/generic/pgf/frontendlayer/tikz/libraries/tik
zlibraryfadings.code.tex
File: tikzlibraryfadings.code.tex 2021/05/15 v3.1.9a (3.1.9a)

(/usr/share/texlive/texmf-dist/tex/generic/pgf/libraries/pgflibraryfadings.code
.tex
File: pgflibraryfadings.code.tex 2021/05/15 v3.1.9a (3.1.9a)
)))
(/usr/share/texlive/texmf-dist/tex/generic/pgf/libraries/pgflibraryarrows.meta.
code.tex
File: pgflibraryarrows.meta.code.tex 2021/05/15 v3.1.9a (3.1.9a)
\pgfarrowinset=\dimen295
\pgfarrowlength=\dimen296
\pgfarrowwidth=\dimen297
\pgfarrowlinewidth=\dimen298
)
(/usr/share/texlive/texmf-dist/tex/latex/l3backend/l3backend-pdftex.def
File: l3backend-pdftex.def 2022-01-12 L3 backend support: PDF output (pdfTeX)
\l__color_backend_stack_int=\count323
\l__pdf_internal_box=\box70
)
(./thesis.aux (./introduction.aux) (./theoretical_foundations.aux)
(./design.aux) (./implementation.aux) (./evaluation.aux) (./conclusion.aux)
(./rosgraphs.aux) (./hardware_specifics.aux))
\openout1 = `thesis.aux'.

LaTeX Font Info:    Checking defaults for OML/cmm/m/it on input line 62.
LaTeX Font Info:    ... okay on input line 62.
LaTeX Font Info:    Checking defaults for OMS/cmsy/m/n on input line 62.
LaTeX Font Info:    ... okay on input line 62.
LaTeX Font Info:    Checking defaults for OT1/cmr/m/n on input line 62.
LaTeX Font Info:    ... okay on input line 62.
LaTeX Font Info:    Checking defaults for T1/cmr/m/n on input line 62.
LaTeX Font Info:    ... okay on input line 62.
LaTeX Font Info:    Checking defaults for TS1/cmr/m/n on input line 62.
LaTeX Font Info:    ... okay on input line 62.
LaTeX Font Info:    Checking defaults for OMX/cmex/m/n on input line 62.
LaTeX Font Info:    ... okay on input line 62.
LaTeX Font Info:    Checking defaults for U/cmr/m/n on input line 62.
LaTeX Font Info:    ... okay on input line 62.
LaTeX Font Info:    Checking defaults for PD1/pdf/m/n on input line 62.
LaTeX Font Info:    ... okay on input line 62.
LaTeX Font Info:    Checking defaults for PU/pdf/m/n on input line 62.
LaTeX Font Info:    ... okay on input line 62.

(/usr/share/texlive/texmf-dist/tex/context/base/mkii/supp-pdf.mkii
[Loading MPS to PDF converter (version 2006.09.02).]
\scratchcounter=\count324
\scratchdimen=\dimen299
\scratchbox=\box71
\nofMPsegments=\count325
\nofMParguments=\count326
\everyMPshowfont=\toks40
\MPscratchCnt=\count327
\MPscratchDim=\dimen300
\MPnumerator=\count328
\makeMPintoPDFobject=\count329
\everyMPtoPDFconversion=\toks41
) (/usr/share/texlive/texmf-dist/tex/latex/epstopdf-pkg/epstopdf-base.sty
Package: epstopdf-base 2020-01-24 v2.11 Base part for package epstopdf
Package epstopdf-base Info: Redefining graphics rule for `.eps' on input line 4
85.

(/usr/share/texlive/texmf-dist/tex/latex/latexconfig/epstopdf-sys.cfg
File: epstopdf-sys.cfg 2010/07/13 v1.3 Configuration of (r)epstopdf for TeX Liv
e
))
Package caption Info: Begin \AtBeginDocument code.
Package caption Info: hyperref package is loaded.
Package caption Info: listings package is loaded.
Package caption Info: rotating package is loaded.
Package caption Info: End \AtBeginDocument code.

*geometry* driver: auto-detecting
*geometry* detected driver: pdftex
*geometry* verbose mode - [ preamble ] result:
* driver: pdftex
* paper: <default>
* layout: <same size as paper>
* layoutoffset:(h,v)=(0.0pt,0.0pt)
* modes: 
* h-part:(L,W,R)=(89.62709pt, 418.25368pt, 89.6271pt)
* v-part:(T,H,B)=(101.40665pt, 591.5302pt, 152.11pt)
* \paperwidth=597.50787pt
* \paperheight=845.04684pt
* \textwidth=418.25368pt
* \textheight=591.5302pt
* \oddsidemargin=17.3571pt
* \evensidemargin=17.3571pt
* \topmargin=-0.86334pt
* \headheight=14.0pt
* \headsep=16.0pt
* \topskip=11.0pt
* \footskip=29.0pt
* \marginparwidth=30.0pt
* \marginparsep=7.0pt
* \columnsep=10.0pt
* \skip\footins=10.0pt plus 4.0pt minus 2.0pt
* \hoffset=0.0pt
* \voffset=0.0pt
* \mag=1000
* \@twocolumnfalse
* \@twosidefalse
* \@mparswitchfalse
* \@reversemarginfalse
* (1in=72.27pt=25.4mm, 1cm=28.453pt)

Package hyperref Info: Link coloring OFF on input line 62.
(/usr/share/texlive/texmf-dist/tex/latex/hyperref/nameref.sty
Package: nameref 2021-04-02 v2.47 Cross-referencing by name of section

(/usr/share/texlive/texmf-dist/tex/latex/refcount/refcount.sty
Package: refcount 2019/12/15 v3.6 Data extraction from label references (HO)
)
(/usr/share/texlive/texmf-dist/tex/generic/gettitlestring/gettitlestring.sty
Package: gettitlestring 2019/12/15 v1.6 Cleanup title references (HO)
)
\c@section@level=\count330
)
LaTeX Info: Redefining \ref on input line 62.
LaTeX Info: Redefining \pageref on input line 62.
LaTeX Info: Redefining \nameref on input line 62.

(./thesis.out) (./thesis.out)
\@outlinefile=\write4
\openout4 = `thesis.out'.

\c@lstlisting=\count331
LaTeX Font Info:    Trying to load font information for OT1+ztmcm on input line
 67.

(/usr/share/texlive/texmf-dist/tex/latex/psnfss/ot1ztmcm.fd
File: ot1ztmcm.fd 2000/01/03 Fontinst v1.801 font definitions for OT1/ztmcm.
)
LaTeX Font Info:    Trying to load font information for OML+ztmcm on input line
 67.

(/usr/share/texlive/texmf-dist/tex/latex/psnfss/omlztmcm.fd
File: omlztmcm.fd 2000/01/03 Fontinst v1.801 font definitions for OML/ztmcm.
)
LaTeX Font Info:    Trying to load font information for OMS+ztmcm on input line
 67.

(/usr/share/texlive/texmf-dist/tex/latex/psnfss/omsztmcm.fd
File: omsztmcm.fd 2000/01/03 Fontinst v1.801 font definitions for OMS/ztmcm.
)
LaTeX Font Info:    Trying to load font information for OMX+ztmcm on input line
 67.

(/usr/share/texlive/texmf-dist/tex/latex/psnfss/omxztmcm.fd
File: omxztmcm.fd 2000/01/03 Fontinst v1.801 font definitions for OMX/ztmcm.
)
LaTeX Font Info:    Trying to load font information for OT1+ptm on input line 6
7.

(/usr/share/texlive/texmf-dist/tex/latex/psnfss/ot1ptm.fd
File: ot1ptm.fd 2001/06/04 font definitions for OT1/ptm.
)
LaTeX Font Info:    Font shape `OT1/ptm/bx/n' in size <10.95> not available
(Font)              Font shape `OT1/ptm/b/n' tried instead on input line 67.
LaTeX Font Info:    Font shape `OT1/ptm/bx/n' in size <8> not available
(Font)              Font shape `OT1/ptm/b/n' tried instead on input line 67.
LaTeX Font Info:    Font shape `OT1/ptm/bx/n' in size <6> not available
(Font)              Font shape `OT1/ptm/b/n' tried instead on input line 67.
<abdnshield.pdf, id=220, 48.18pt x 65.59047pt>
File: abdnshield.pdf Graphic file (type pdf)
<use abdnshield.pdf>
Package pdftex.def Info: abdnshield.pdf  used on input line 67.
(pdftex.def)             Requested size: 56.9055pt x 77.46913pt.
 [1

{/var/lib/texmf/fonts/map/pdftex/updmap/pdftex.map} <./abdnshield.pdf>] [2

]
Underfull \vbox (badness 10000) has occurred while \output is active []

 [3

]
[4] [5

] (./thesis.toc
LaTeX Font Info:    Trying to load font information for T1+cmtt on input line 2
3.
 (/usr/share/texlive/texmf-dist/tex/latex/base/t1cmtt.fd
File: t1cmtt.fd 2019/12/16 v2.5j Standard LaTeX font definitions
)
[6

])
\tf@toc=\write5
\openout5 = `thesis.toc'.

 [7]
\openout2 = `introduction.aux'.

 (./introduction.tex
Chapter 1.
) [8


]
\openout2 = `theoretical_foundations.aux'.

 (./theoretical_foundations.tex
Chapter 2.

Package natbib Warning: Citation `dissanayake2001solution' on page 9 undefined 
on input line 11.

LaTeX Font Info:    Trying to load font information for TS1+ptm on input line 1
5.
(/usr/share/texlive/texmf-dist/tex/latex/psnfss/ts1ptm.fd
File: ts1ptm.fd 2001/06/04 font definitions for TS1/ptm.
)

Package natbib Warning: Citation `rtabmap' on page 9 undefined on input line 25
.


Package natbib Warning: Citation `labbe2024memory' on page 9 undefined on input
 line 25.


Package natbib Warning: Citation `newman2006outdoor' on page 9 undefined on inp
ut line 27.


Package natbib Warning: Citation `cummins2008fabmap' on page 9 undefined on inp
ut line 27.


Package natbib Warning: Citation `angeli2008incremental' on page 9 undefined on
 input line 27.


Package natbib Warning: Citation `botterill2011bow' on page 9 undefined on inpu
t line 27.


Package natbib Warning: Citation `konolige2010view' on page 9 undefined on inpu
t line 27.

[9




]

Package natbib Warning: Citation `angeli2008incremental' on page 10 undefined o
n input line 33.

<figs/theory/rtabmap_memory_management.png, id=324, 722.7pt x 395.4775pt>
File: figs/theory/rtabmap_memory_management.png Graphic file (type png)
<use figs/theory/rtabmap_memory_management.png>
Package pdftex.def Info: figs/theory/rtabmap_memory_management.png  used on inp
ut line 39.
(pdftex.def)             Requested size: 376.42575pt x 205.98741pt.

Package natbib Warning: Citation `sivic2003videogoogle' on page 10 undefined on
 input line 46.


Package natbib Warning: Citation `muja2009flann' on page 10 undefined on input 
line 46.


Package natbib Warning: Citation `bay2008surf' on page 10 undefined on input li
ne 46.


Underfull \vbox (badness 10000) has occurred while \output is active []

 [10]
Underfull \vbox (badness 1917) has occurred while \output is active []

 [11 <./figs/theory/rtabmap_memory_management.png>]

Package natbib Warning: Citation `angeli2008fast' on page 12 undefined on input
 line 74.


Package natbib Warning: Citation `angeli2008fast' on page 12 undefined on input
 line 89.

[12] [13]

Package natbib Warning: Citation `ros2humble' on page 14 undefined on input lin
e 140.

<figs/theory/ros2_node2_01.png, id=366, 576.2328pt x 324.7332pt>
File: figs/theory/ros2_node2_01.png Graphic file (type png)
<use figs/theory/ros2_node2_01.png>
Package pdftex.def Info: figs/theory/ros2_node2_01.png  used on input line 152.

(pdftex.def)             Requested size: 376.42575pt x 212.13445pt.
<figs/theory/ros2_node2_02.png, id=367, 576.2328pt x 324.7332pt>
File: figs/theory/ros2_node2_02.png Graphic file (type png)
<use figs/theory/ros2_node2_02.png>
Package pdftex.def Info: figs/theory/ros2_node2_02.png  used on input line 157.

(pdftex.def)             Requested size: 376.42575pt x 212.13445pt.
[14]
<figs/theory/ros2_topic_01.png, id=373, 1528.71124pt x 865.2325pt>
File: figs/theory/ros2_topic_01.png Graphic file (type png)
<use figs/theory/ros2_topic_01.png>
Package pdftex.def Info: figs/theory/ros2_topic_01.png  used on input line 174.

(pdftex.def)             Requested size: 376.42575pt x 213.0466pt.
<figs/theory/ros2_topic_02.png, id=374, 1534.73375pt x 863.225pt>
File: figs/theory/ros2_topic_02.png Graphic file (type png)
<use figs/theory/ros2_topic_02.png>
Package pdftex.def Info: figs/theory/ros2_topic_02.png  used on input line 179.

(pdftex.def)             Requested size: 376.42575pt x 211.72247pt.
<figs/theory/ros2_service_01.png, id=375, 1534.73375pt x 863.225pt>
File: figs/theory/ros2_service_01.png Graphic file (type png)
<use figs/theory/ros2_service_01.png>
Package pdftex.def Info: figs/theory/ros2_service_01.png  used on input line 19
2.
(pdftex.def)             Requested size: 376.42575pt x 211.72247pt.
<figs/theory/ros2_service_02.png, id=376, 1534.73375pt x 913.4125pt>
File: figs/theory/ros2_service_02.png Graphic file (type png)
<use figs/theory/ros2_service_02.png>
Package pdftex.def Info: figs/theory/ros2_service_02.png  used on input line 19
7.
(pdftex.def)             Requested size: 376.42575pt x 224.03192pt.
<figs/theory/ros2_action.png, id=379, 1704.3675pt x 946.53625pt>
File: figs/theory/ros2_action.png Graphic file (type png)
<use figs/theory/ros2_action.png>
Package pdftex.def Info: figs/theory/ros2_action.png  used on input line 214.
(pdftex.def)             Requested size: 376.42575pt x 209.04742pt.
 [15] [16 <./figs/theory/ros2_node2_01.png> <./figs/theory/ros2_node2_02.png>] 
[17 <./figs/theory/ros2_topic_01.png> <./figs/theory/ros2_topic_02.png>]
[18 <./figs/theory/ros2_service_01.png> <./figs/theory/ros2_service_02.png>]
[19 <./figs/theory/ros2_action.png>]
<figs/theory/tf2_vslam_tree.png, id=414, 2733.21124pt x 1655.18375pt>
File: figs/theory/tf2_vslam_tree.png Graphic file (type png)
<use figs/theory/tf2_vslam_tree.png>
Package pdftex.def Info: figs/theory/tf2_vslam_tree.png  used on input line 235
.
(pdftex.def)             Requested size: 376.42575pt x 227.93573pt.
) [20 <./figs/theory/tf2_vslam_tree.png>]
\openout2 = `design.aux'.


(./design.tex
Chapter 3.
<figs/uml/use_case.png, id=421, 655.44875pt x 379.4175pt>
File: figs/uml/use_case.png Graphic file (type png)
<use figs/uml/use_case.png>
Package pdftex.def Info: figs/uml/use_case.png  used on input line 14.
(pdftex.def)             Requested size: 376.42575pt x 217.90283pt.
[21




 <./figs/uml/use_case.png>]
<figs/architecture/architecture.png, id=428, 835.923pt x 537.207pt>
File: figs/architecture/architecture.png Graphic file (type png)
<use figs/architecture/architecture.png>
Package pdftex.def Info: figs/architecture/architecture.png  used on input line
 38.
(pdftex.def)             Requested size: 376.42575pt x 241.91306pt.
 [22] [23 <./figs/architecture/architecture.png>]
<figs/architecture/data_flow.png, id=440, 935.6556pt x 530.9436pt>
File: figs/architecture/data_flow.png Graphic file (type png)
<use figs/architecture/data_flow.png>
Package pdftex.def Info: figs/architecture/data_flow.png  used on input line 12
6.
(pdftex.def)             Requested size: 376.42575pt x 213.6051pt.
[24] [25 <./figs/architecture/data_flow.png>]
LaTeX Font Info:    Font shape `T1/cmtt/bx/n' in size <12> not available
(Font)              Font shape `T1/cmtt/m/n' tried instead on input line 297.

Underfull \hbox (badness 1337) in paragraph at lines 299--300
\T1/ptm/m/n/10.95 The \T1/cmtt/m/n/10.95 convert_image_format \T1/ptm/m/n/10.95
 node in the \T1/cmtt/m/n/10.95 uoa_robot_drone \T1/ptm/m/n/10.95 pack-age de-p
loyed on the
 []


Underfull \hbox (badness 5431) in paragraph at lines 299--300
\T1/ptm/m/n/10.95 Jet-son Orin Nano sub-scribes to the two rec-ti-fied im-age t
op-ics pub-lished by the
 []

[26] [27] [28]) [29]
\openout2 = `implementation.aux'.

 (./implementation.tex
Chapter 4.
<figs/tb3/turtlebot3_dimension3.png, id=475, 732.7375pt x 632.3625pt>
File: figs/tb3/turtlebot3_dimension3.png Graphic file (type png)
<use figs/tb3/turtlebot3_dimension3.png>
Package pdftex.def Info: figs/tb3/turtlebot3_dimension3.png  used on input line
 166.
(pdftex.def)             Requested size: 411.26938pt x 354.92172pt.
<figs/tb3/turtlebot3_waffle_pi_components.png, id=476, 769.87625pt x 431.6125pt
>
File: figs/tb3/turtlebot3_waffle_pi_components.png Graphic file (type png)
<use figs/tb3/turtlebot3_waffle_pi_components.png>
Package pdftex.def Info: figs/tb3/turtlebot3_waffle_pi_components.png  used on 
input line 172.
(pdftex.def)             Requested size: 376.42575pt x 211.03754pt.

LaTeX Warning: Reference `sec:turtlebot3_details' on page 30 undefined on input
 line 176.


LaTeX Warning: `!h' float specifier changed to `!ht'.


LaTeX Warning: `!h' float specifier changed to `!ht'.

<figs/zed2/ZED-2-front.png, id=478, 702.625pt x 225.84375pt>
File: figs/zed2/ZED-2-front.png Graphic file (type png)
<use figs/zed2/ZED-2-front.png>
Package pdftex.def Info: figs/zed2/ZED-2-front.png  used on input line 182.
(pdftex.def)             Requested size: 376.42575pt x 120.99579pt.

LaTeX Warning: Reference `sec:zed2_details' on page 30 undefined on input line 
186.

<figs/orin/jetson-nano-dev-kit_2view_numbered.png, id=481, 777.90625pt x 372.72
583pt>
File: figs/orin/jetson-nano-dev-kit_2view_numbered.png Graphic file (type png)
<use figs/orin/jetson-nano-dev-kit_2view_numbered.png>
Package pdftex.def Info: figs/orin/jetson-nano-dev-kit_2view_numbered.png  used
 on input line 193.
(pdftex.def)             Requested size: 376.42575pt x 180.36232pt.

LaTeX Warning: `h' float specifier changed to `ht'.


LaTeX Warning: `h' float specifier changed to `ht'.

<figs/iniu/iniu_power_bank.jpg, id=483, 1227.58624pt x 1505.625pt>
File: figs/iniu/iniu_power_bank.jpg Graphic file (type jpg)
<use figs/iniu/iniu_power_bank.jpg>
Package pdftex.def Info: figs/iniu/iniu_power_bank.jpg  used on input line 236.

(pdftex.def)             Requested size: 209.12683pt x 256.48126pt.

LaTeX Warning: Reference `sec:iniu_details' on page 30 undefined on input line 
240.

[30




]
<figs/tello/tello_edu_drone.png, id=494, 187.4202pt x 97.8054pt>
File: figs/tello/tello_edu_drone.png Graphic file (type png)
<use figs/tello/tello_edu_drone.png>
Package pdftex.def Info: figs/tello/tello_edu_drone.png  used on input line 247
.
(pdftex.def)             Requested size: 209.12683pt x 109.13983pt.


LaTeX Warning: Reference `sec:tello_details' on page 31 undefined on input line
 251.


LaTeX Warning: Reference `sec:lenovo_details' on page 31 undefined on input lin
e 255.

[31 <./figs/tb3/turtlebot3_dimension3.png>]

LaTeX Warning: Reference `tab:lenovo_laptop_specs' on page 32 undefined on inpu
t line 261.


Underfull \vbox (badness 10000) has occurred while \output is active []

 [32 <./figs/tb3/turtlebot3_waffle_pi_components.png> <./figs/zed2/ZED-2-front.
png (PNG copy)>]
<figs/implementation/download_ubuntu_desktop.png, id=509, 1011.78pt x 1065.9825
pt>
File: figs/implementation/download_ubuntu_desktop.png Graphic file (type png)
<use figs/implementation/download_ubuntu_desktop.png>
Package pdftex.def Info: figs/implementation/download_ubuntu_desktop.png  used 
on input line 269.
(pdftex.def)             Requested size: 376.42575pt x 396.58694pt.


LaTeX Warning: `!h' float specifier changed to `!ht'.

<figs/implementation/install_ubuntu_desktop.png, id=512, 2248.4pt x 1419.3025pt
>
File: figs/implementation/install_ubuntu_desktop.png Graphic file (type png)
<use figs/implementation/install_ubuntu_desktop.png>
Package pdftex.def Info: figs/implementation/install_ubuntu_desktop.png  used o
n input line 276.
(pdftex.def)             Requested size: 376.42575pt x 237.61824pt.

LaTeX Warning: `!h' float specifier changed to `!ht'.

<figs/implementation/try_some_examples.png, id=515, 1865.97125pt x 965.6075pt>
File: figs/implementation/try_some_examples.png Graphic file (type png)
<use figs/implementation/try_some_examples.png>
Package pdftex.def Info: figs/implementation/try_some_examples.png  used on inp
ut line 286.
(pdftex.def)             Requested size: 376.42575pt x 194.78302pt.

LaTeX Warning: `!h' float specifier changed to `!ht'.

(/usr/share/texlive/texmf-dist/tex/latex/listings/lstlang1.sty
File: lstlang1.sty 2020/03/24 1.8d listings language file
)
(/usr/share/texlive/texmf-dist/tex/latex/listings/lstlang1.sty
File: lstlang1.sty 2020/03/24 1.8d listings language file
)
LaTeX Font Info:    Font shape `T1/cmtt/bx/n' in size <10> not available
(Font)              Font shape `T1/cmtt/m/n' tried instead on input line 295.
 [33 <./figs/orin/jetson-nano-dev-kit_2view_numbered.png>] [34 <./figs/iniu/ini
u_power_bank.jpg> <./figs/tello/tello_edu_drone.png>]
<figs/implementation/download_vscode.png, id=535, 1198.4775pt x 721.19438pt>
File: figs/implementation/download_vscode.png Graphic file (type png)
<use figs/implementation/download_vscode.png>
Package pdftex.def Info: figs/implementation/download_vscode.png  used on input
 line 316.
(pdftex.def)             Requested size: 376.42575pt x 226.51717pt.


LaTeX Warning: `!h' float specifier changed to `!ht'.

<figs/implementation/install_vscode.png, id=538, 1151.80313pt x 525.46312pt>
File: figs/implementation/install_vscode.png Graphic file (type png)
<use figs/implementation/install_vscode.png>
Package pdftex.def Info: figs/implementation/install_vscode.png  used on input 
line 323.
(pdftex.def)             Requested size: 376.42575pt x 171.72762pt.
[35]

LaTeX Warning: `!h' float specifier changed to `!ht'.

<figs/implementation/open_ros2_ws.png, id=565, 1808.25563pt x 933.4875pt>
File: figs/implementation/open_ros2_ws.png Graphic file (type png)
<use figs/implementation/open_ros2_ws.png>
Package pdftex.def Info: figs/implementation/open_ros2_ws.png  used on input li
ne 330.
(pdftex.def)             Requested size: 376.42575pt x 194.31465pt.

LaTeX Warning: `!h' float specifier changed to `!ht'.

[36 <./figs/implementation/download_ubuntu_desktop.png (PNG copy)>]

LaTeX Warning: Reference `tab:turtlebot3_specs' on page 37 undefined on input l
ine 348.


Underfull \vbox (badness 1466) has occurred while \output is active []

 [37 <./figs/implementation/install_ubuntu_desktop.png> <./figs/implementation/
try_some_examples.png>]

LaTeX Warning: Reference `tab:jetson_orin_nano_specs' on page 38 undefined on i
nput line 351.


Underfull \vbox (badness 10000) has occurred while \output is active []

 [38 <./figs/implementation/download_vscode.png (PNG copy)> <./figs/implementat
ion/install_vscode.png (PNG copy)>] [39 <./figs/implementation/open_ros2_ws.png
 (PNG copy)>] [40]
<figs/zed2/zed_camera_launch.png, id=647, 1102.8402pt x 697.6464pt>
File: figs/zed2/zed_camera_launch.png Graphic file (type png)
<use figs/zed2/zed_camera_launch.png>
Package pdftex.def Info: figs/zed2/zed_camera_launch.png  used on input line 41
3.
(pdftex.def)             Requested size: 376.42575pt x 238.12276pt.
<figs/orin/orin_stereo_vslam_launch.png, id=649, 1102.8402pt x 697.6464pt>
File: figs/orin/orin_stereo_vslam_launch.png Graphic file (type png)
<use figs/orin/orin_stereo_vslam_launch.png>
Package pdftex.def Info: figs/orin/orin_stereo_vslam_launch.png  used on input 
line 427.
(pdftex.def)             Requested size: 376.42575pt x 238.12276pt.


LaTeX Warning: `!h' float specifier changed to `!ht'.

) [41 <./figs/zed2/zed_camera_launch.png>] [42 <./figs/orin/orin_stereo_vslam_l
aunch.png>]
\openout2 = `evaluation.aux'.

 (./evaluation.tex
Chapter 5.
) [43




]
\openout2 = `conclusion.aux'.

 (./conclusion.tex
Chapter 6.
) [44




] (./thesis.bbl
Underfull \vbox (badness 10000) has occurred while \output is active []

 [45



])
[46]
\openout2 = `rosgraphs.aux'.

 (./rosgraphs.tex
Appendix A.
[47


]
*geometry* verbose mode - [ newgeometry ] result:
* driver: pdftex
* paper: <default>
* layout: <same size as paper>
* layoutoffset:(h,v)=(0.0pt,0.0pt)
* modes: 
* h-part:(L,W,R)=(56.9055pt, 512.14963pt, 28.45274pt)
* v-part:(T,H,B)=(28.45274pt, 815.17139pt, 1.42271pt)
* \paperwidth=597.50787pt
* \paperheight=845.04684pt
* \textwidth=512.14963pt
* \textheight=815.17139pt
* \oddsidemargin=-15.36449pt
* \evensidemargin=-15.36449pt
* \topmargin=-73.81725pt
* \headheight=14.0pt
* \headsep=16.0pt
* \topskip=11.0pt
* \footskip=29.0pt
* \marginparwidth=30.0pt
* \marginparsep=7.0pt
* \columnsep=10.0pt
* \skip\footins=10.0pt plus 4.0pt minus 2.0pt
* \hoffset=0.0pt
* \voffset=0.0pt
* \mag=1000
* \@twocolumnfalse
* \@twosidefalse
* \@mparswitchfalse
* \@reversemarginfalse
* (1in=72.27pt=25.4mm, 1cm=28.453pt)

<figs/ros_graphs/mapping_stage_rosgraph.png, id=706, 1800.7275pt x 752.8125pt>
File: figs/ros_graphs/mapping_stage_rosgraph.png Graphic file (type png)
<use figs/ros_graphs/mapping_stage_rosgraph.png>
Package pdftex.def Info: figs/ros_graphs/mapping_stage_rosgraph.png  used on in
put line 15.
(pdftex.def)             Requested size: 845.32541pt x 353.38449pt.

Overfull \hbox (30.15402pt too wide) in paragraph at lines 15--16
 [][] 
 []

[48 <./figs/ros_graphs/mapping_stage_rosgraph.png>] [49




]
*geometry* verbose mode - [ newgeometry ] result:
* driver: pdftex
* paper: <default>
* layout: <same size as paper>
* layoutoffset:(h,v)=(0.0pt,0.0pt)
* modes: 
* h-part:(L,W,R)=(28.45274pt, 486.54231pt, 82.51282pt)
* v-part:(T,H,B)=(28.45274pt, 788.14136pt, 28.45274pt)
* \paperwidth=597.50787pt
* \paperheight=845.04684pt
* \textwidth=486.54231pt
* \textheight=788.14136pt
* \oddsidemargin=-43.81725pt
* \evensidemargin=-43.81725pt
* \topmargin=-73.81725pt
* \headheight=14.0pt
* \headsep=16.0pt
* \topskip=11.0pt
* \footskip=29.0pt
* \marginparwidth=30.0pt
* \marginparsep=7.0pt
* \columnsep=10.0pt
* \skip\footins=10.0pt plus 4.0pt minus 2.0pt
* \hoffset=0.0pt
* \voffset=0.0pt
* \mag=1000
* \@twocolumnfalse
* \@twosidefalse
* \@mparswitchfalse
* \@reversemarginfalse
* (1in=72.27pt=25.4mm, 1cm=28.453pt)

<figs/ros_graphs/localization_stage_rosgraph.png, id=718, 1684.41797pt x 759.96
422pt>
File: figs/ros_graphs/localization_stage_rosgraph.png Graphic file (type png)
<use figs/ros_graphs/localization_stage_rosgraph.png>
Package pdftex.def Info: figs/ros_graphs/localization_stage_rosgraph.png  used 
on input line 29.
(pdftex.def)             Requested size: 808.81987pt x 364.90672pt.

Overfull \hbox (20.67851pt too wide) in paragraph at lines 29--30
 [][] 
 []

[50 <./figs/ros_graphs/localization_stage_rosgraph.png>] [51




]
*geometry* verbose mode - [ newgeometry ] result:
* driver: pdftex
* paper: <default>
* layout: <same size as paper>
* layoutoffset:(h,v)=(0.0pt,0.0pt)
* modes: 
* h-part:(L,W,R)=(14.22636pt, 480.85143pt, 102.43008pt)
* v-part:(T,H,B)=(28.45274pt, 815.17139pt, 1.42271pt)
* \paperwidth=597.50787pt
* \paperheight=845.04684pt
* \textwidth=480.85143pt
* \textheight=815.17139pt
* \oddsidemargin=-58.04362pt
* \evensidemargin=-58.04362pt
* \topmargin=-73.81725pt
* \headheight=14.0pt
* \headsep=16.0pt
* \topskip=11.0pt
* \footskip=29.0pt
* \marginparwidth=30.0pt
* \marginparsep=7.0pt
* \columnsep=10.0pt
* \skip\footins=10.0pt plus 4.0pt minus 2.0pt
* \hoffset=0.0pt
* \voffset=0.0pt
* \mag=1000
* \@twocolumnfalse
* \@twosidefalse
* \@mparswitchfalse
* \@reversemarginfalse
* (1in=72.27pt=25.4mm, 1cm=28.453pt)

<figs/ros_graphs/navigation_stage_rosgraph.png, id=729, 3195.68906pt x 1241.764
22pt>
File: figs/ros_graphs/navigation_stage_rosgraph.png Graphic file (type png)
<use figs/ros_graphs/navigation_stage_rosgraph.png>
Package pdftex.def Info: figs/ros_graphs/navigation_stage_rosgraph.png  used on
 input line 43.
(pdftex.def)             Requested size: 841.44098pt x 326.97543pt.

Overfull \hbox (26.26959pt too wide) in paragraph at lines 43--44
 [][] 
 []

[52 <./figs/ros_graphs/navigation_stage_rosgraph.png>])
\openout2 = `hardware_specifics.aux'.


No file hardware_specifics.tex.

Package natbib Warning: There were undefined citations.

(./thesis.aux (./introduction.aux) (./theoretical_foundations.aux)
(./design.aux) (./implementation.aux) (./evaluation.aux) (./conclusion.aux)

Package natbib Warning: Citation(s) may have changed.
(natbib)                Rerun to get citations correct.

(./rosgraphs.aux) (./hardware_specifics.aux))

LaTeX Warning: There were undefined references.


LaTeX Warning: Label(s) may have changed. Rerun to get cross-references right.

Package rerunfilecheck Info: File `thesis.out' has not changed.
(rerunfilecheck)             Checksum: 36B0ADF75EC11C15C710BB6682F135E7;9139.
 ) 
Here is how much of TeX's memory you used:
 27136 strings out of 480247
 500466 string characters out of 5896151
 1074447 words of memory out of 5000000
 44258 multiletter control sequences out of 15000+600000
 533107 words of font info for 108 fonts, out of 8000000 for 9000
 14 hyphenation exceptions out of 8191
 84i,15n,104p,1474b,2044s stack positions out of 5000i,500n,10000p,200000b,80000s
{/usr/share/texmf/fonts/enc/dvips/cm-super/cm-super-t1.enc}{/usr/share/texliv
e/texmf-dist/fonts/enc/dvips/base/8r.enc}</usr/share/texlive/texmf-dist/fonts/t
ype1/public/amsfonts/cm/cmex10.pfb></usr/share/texlive/texmf-dist/fonts/type1/p
ublic/amsfonts/cm/cmmi10.pfb></usr/share/texlive/texmf-dist/fonts/type1/public/
amsfonts/cm/cmr10.pfb></usr/share/texlive/texmf-dist/fonts/type1/public/amsfont
s/cm/cmsy10.pfb></usr/share/texlive/texmf-dist/fonts/type1/public/amsfonts/eule
r/eufm10.pfb></usr/share/texmf/fonts/type1/public/cm-super/sftt1000.pfb></usr/s
hare/texmf/fonts/type1/public/cm-super/sftt1095.pfb></usr/share/texmf/fonts/typ
e1/public/cm-super/sftt1200.pfb></usr/share/texlive/texmf-dist/fonts/type1/urw/
symbol/usyr.pfb></usr/share/texlive/texmf-dist/fonts/type1/urw/symbol/usyr.pfb>
</usr/share/texlive/texmf-dist/fonts/type1/urw/times/utmb8a.pfb></usr/share/tex
live/texmf-dist/fonts/type1/urw/times/utmr8a.pfb></usr/share/texlive/texmf-dist
/fonts/type1/urw/times/utmri8a.pfb>
Output written on thesis.pdf (52 pages, 13124798 bytes).
PDF statistics:
 846 PDF objects out of 1000 (max. 8388607)
 691 compressed objects within 7 object streams
 227 named destinations out of 1000 (max. 500000)
 635 words of extra memory for PDF output out of 10000 (max. 10000000)

